Addr.dbf|DATA|ANY|ANY|ANY|address\data\Addr.dbf
Congress.csv|DATA|ANY|ANY|ANY|address\data\Congress.csv
dph256.dte|DATA|ANY|ANY|ANY|address\data\DPV\dph256.dte
dph256.hsa|DATA|ANY|ANY|ANY|address\data\DPV\dph256.hsa
dph256.hsc|DATA|ANY|ANY|ANY|address\data\DPV\dph256.hsc
dph256.hsf|DATA|ANY|ANY|ANY|address\data\DPV\dph256.hsf
dph256.hsn|DATA|ANY|ANY|ANY|address\data\DPV\dph256.hsn
dph256.hsv|DATA|ANY|ANY|ANY|address\data\DPV\dph256.hsv
dph256.hsx|DATA|ANY|ANY|ANY|address\data\DPV\dph256.hsx
ews.txt|DATA|ANY|ANY|ANY|address\data\ews.txt
lcd256|DATA|ANY|ANY|ANY|address\data\DPV\lcd256
mdAddr.dat|DATA|ANY|ANY|ANY|address\data\mdAddr.dat
mdAddr.lic|DATA|ANY|ANY|ANY|address\data\mdAddr.lic
mdAddr.nat|DATA|ANY|ANY|ANY|address\data\mdAddr.nat
mdAddr.str|DATA|ANY|ANY|ANY|address\data\mdAddr.str
mdAddrKey.db|DATA|ANY|ANY|ANY|address\data\mdAddrKey\mdAddrKey.db
mdAddrKeyCA.db|DATA|ANY|ANY|ANY|address\data\mdAddrKey\mdAddrKeyCA.db
mdCanada3.db|DATA|ANY|ANY|ANY|address\data\mdCanada\mdCanada3.db
mdCanadaPOC.db|DATA|ANY|ANY|ANY|address\data\mdCanada\mdCanadaPOC.db
mdLACS256.dat|DATA|ANY|ANY|ANY|address\data\mdLACS\mdLACS256.dat
mdRBDI.dat|DATA|ANY|ANY|ANY|address\data\RBDI\mdRBDI.dat
mdSteLink256.dat|DATA|ANY|ANY|ANY|address\data\mdSteLink\mdSteLink256.dat
mdSuiteFinder.db|DATA|ANY|ANY|ANY|address\data\mdSuiteFinder\mdSuiteFinder.db
month256.dat|DATA|ANY|ANY|ANY|address\data\DPV\month256.dat