libmdAddr.so|BINARY|AIX|GCC34|32BIT|address/aix/gcc34_32bit/libmdAddr.so
libmdAddr.so|BINARY|AIX|GCC34|64BIT|address/aix/gcc34_64bit/libmdAddr.so
libmdAddr.so|BINARY|AIX|XLC6|32BIT|address/aix/xlc6_32bit/libmdAddr.so
libmdAddr.so|BINARY|AIX|XLC6|64BIT|address/aix/xlc6_64bit/libmdAddr.so
libmdAddr.sl|BINARY|HPUX_IT|ACC3|32BIT|address/hpux/acc3_it_32bit/libmdAddr.sl
libmdAddr.sl|BINARY|HPUX_IT|ACC3|64BIT|address/hpux/acc3_it_64bit/libmdAddr.sl
libmdAddr.sl|BINARY|HPUX_IT|GCC34|32BIT|address/hpux/gcc34_it_32bit/libmdAddr.sl
libmdAddr.sl|BINARY|HPUX_IT|GCC34|64BIT|address/hpux/gcc34_it_64bit/libmdAddr.sl
libmdAddr.sl|BINARY|HPUX_PA|ACC3|32BIT|address/hpux/acc3_pa_32bit/libmdAddr.sl
libmdAddr.sl|BINARY|HPUX_PA|ACC3|64BIT|address/hpux/acc3_pa_64bit/libmdAddr.sl
libmdAddr.sl|BINARY|HPUX_PA|GCC34|32BIT|address/hpux/gcc34_pa_32bit/libmdAddr.sl
libmdAddr.so|BINARY|LINUX|GCC32|32BIT|address/linux/gcc32_32bit/libmdAddr.so
libmdAddr.so|BINARY|LINUX|GCC34|32BIT|address/linux/gcc34_32bit/libmdAddr.so
libmdAddr.so|BINARY|LINUX|GCC34|64BIT|address/linux/gcc34_64bit/libmdAddr.so
libmdAddr.so|BINARY|LINUX|GCC41|32BIT|address/linux/gcc41_32bit/libmdAddr.so
libmdAddr.so|BINARY|LINUX|GCC41|64BIT|address/linux/gcc41_64bit/libmdAddr.so
libmdAddr.so|BINARY|SOLARIS|WS12|64BIT|address/solaris/ws12_64bit/libmdAddr.so
libmdAddr.so|BINARY|SOLARIS|WS6|32BIT|address/solaris/ws6_32bit/libmdAddr.so
libmdAddr.so|BINARY|SOLARIS|WS6|64BIT|address/solaris/ws6_64bit/libmdAddr.so
AddrObj.dll|BINARY|WINDOWS|COM|32BIT|address/windows/com_32bit/AddrObj.dll
AddrObj.dll|BINARY|WINDOWS|COM|64BIT|address/windows/com_64bit/AddrObj.dll
mdAddr.dll|BINARY|WINDOWS|DLL|32BIT|address/windows/dll_32bit/mdAddr.dll
mdAddr.dll|BINARY|WINDOWS|DLL|64BIT|address/windows/dll_64bit/mdAddr.dll