Addr.dbf|DATA|ANY|ANY|ANY|dq_addr_data/data/Addr.dbf
Congress.csv|DATA|ANY|ANY|ANY|dq_addr_data/data/Congress.csv
dph256.dte|DATA|ANY|ANY|ANY|dq_addr_data/data/dph256.dte
dph256.hsa|DATA|ANY|ANY|ANY|dq_addr_data/data/dph256.hsa
dph256.hsc|DATA|ANY|ANY|ANY|dq_addr_data/data/dph256.hsc
dph256.hsd|DATA|ANY|ANY|ANY|dq_addr_data/data/dph256.hsd
dph256.hsf|DATA|ANY|ANY|ANY|dq_addr_data/data/dph256.hsf
dph256.hsn|DATA|ANY|ANY|ANY|dq_addr_data/data/dph256.hsn
dph256.hsp|DATA|ANY|ANY|ANY|dq_addr_data/data/dph256.hsp
dph256.hsr|DATA|ANY|ANY|ANY|dq_addr_data/data/dph256.hsr
dph256.hst|DATA|ANY|ANY|ANY|dq_addr_data/data/dph256.hst
dph256.hsu|DATA|ANY|ANY|ANY|dq_addr_data/data/dph256.hsu
dph256.hsv|DATA|ANY|ANY|ANY|dq_addr_data/data/dph256.hsv
dph256.hsx|DATA|ANY|ANY|ANY|dq_addr_data/data/dph256.hsx
dph256.hsy|DATA|ANY|ANY|ANY|dq_addr_data/data/dph256.hsy
dph256.hsz|DATA|ANY|ANY|ANY|dq_addr_data/data/dph256.hsz
ews.txt|DATA|ANY|ANY|ANY|dq_addr_data/data/ews.txt
lcd256|DATA|ANY|ANY|ANY|dq_addr_data/data/lcd256
mdAddr.dat|DATA|ANY|ANY|ANY|dq_addr_data/data/mdAddr.dat
mdAddr.lic|DATA|ANY|ANY|ANY|dq_addr_data/data/mdAddr.lic
mdAddr.nat|DATA|ANY|ANY|ANY|dq_addr_data/data/mdAddr.nat
mdAddr.str|DATA|ANY|ANY|ANY|dq_addr_data/data/mdAddr.str
mdAddrKey.db|DATA|ANY|ANY|ANY|dq_addr_data/data/mdAddrKey.db
mdAddrKeyCA.db|DATA|ANY|ANY|ANY|dq_addr_data/data/mdAddrKeyCA.db
mdCanada3.db|DATA|ANY|ANY|ANY|dq_addr_data/data/mdCanada3.db
mdCanadaPOC.db|DATA|ANY|ANY|ANY|dq_addr_data/data/mdCanadaPOC.db
mdLACS256.dat|DATA|ANY|ANY|ANY|dq_addr_data/data/mdLACS256.dat
mdRBDI.dat|DATA|ANY|ANY|ANY|dq_addr_data/data/mdRBDI.dat
mdSteLink256.dat|DATA|ANY|ANY|ANY|dq_addr_data/data/mdSteLink256.dat
mdSuiteFinder.db|DATA|ANY|ANY|ANY|dq_addr_data/data/mdSuiteFinder.db
month256.dat|DATA|ANY|ANY|ANY|dq_addr_data/data/month256.dat
