AddrObj.dll|BINARY|WINDOWS|COM|64BIT|dq_addr_bins/windows/com/64bit/AddrObj.dll
AddrObj.dll|BINARY|WINDOWS|COM|32BIT|dq_addr_bins/windows/com/32bit/AddrObj.dll
libmdAddr.sl|BINARY|HPUX_IT|GCC34|64BIT|dq_addr_bins/hpux_it/gcc34/64bit/libmdAddr.sl
libmdAddr.sl|BINARY|HPUX_IT|ACC3|64BIT|dq_addr_bins/hpux_it/acc3/64bit/libmdAddr.sl
libmdAddr.sl|BINARY|HPUX_IT|GCC34|32BIT|dq_addr_bins/hpux_it/gcc34/32bit/libmdAddr.sl
libmdAddr.sl|BINARY|HPUX_IT|ACC3|32BIT|dq_addr_bins/hpux_it/acc3/32bit/libmdAddr.sl
libmdAddr.so|BINARY|SOLARIS|WS6|64BIT|dq_addr_bins/solaris/ws6/64bit/libmdAddr.so
libmdAddr.so|BINARY|LINUX|GCC48|64BIT|dq_addr_bins/linux/gcc48/64bit/libmdAddr.so
libmdAddr.so|BINARY|AIX|GCC83|64BIT|dq_addr_bins/aix/gcc83/64bit/libmdAddr.so
libmdAddr.so|BINARY|SOLARIS|WS12|64BIT|dq_addr_bins/solaris/ws12/64bit/libmdAddr.so
libmdAddr.so|BINARY|AIX|XLC12|32BIT|dq_addr_bins/aix/xlc12/32bit/libmdAddr.so
libmdAddr.so|BINARY|AIX|XLC12|64BIT|dq_addr_bins/aix/xlc12/64bit/libmdAddr.so
libmdAddr.so|BINARY|LINUX|GCC48|32BIT|dq_addr_bins/linux/gcc48/32bit/libmdAddr.so
libmdAddr.so|BINARY|SOLARIS|WS6|32BIT|dq_addr_bins/solaris/ws6/32bit/libmdAddr.so
libmdAddr.so|BINARY|ZLINUX|GCC46|64BIT|dq_addr_bins/zlinux/gcc46/64bit/libmdAddr.so
libmdAddr.so|BINARY|AIX|GCC83|32BIT|dq_addr_bins/aix/gcc83/32bit/libmdAddr.so
mdAddr.dll|BINARY|WINDOWS|DLL|64BIT|dq_addr_bins/windows/dll/64bit/mdAddr.dll
mdAddr.dll|BINARY|WINDOWS|DLL|32BIT|dq_addr_bins/windows/dll/32bit/mdAddr.dll
