libmdAddr.so|BINARY|AIX|GCC34|32BIT|address\aix\gcc34_32bit\libmdAddr.so
libmdEmail.so|BINARY|AIX|GCC34|32BIT|email\aix\gcc34_32bit\libmdEmail.so
libmdName.so|BINARY|AIX|GCC34|32BIT|name\aix\gcc34_32bit\libmdName.so
libmdPhone.so|BINARY|AIX|GCC34|32BIT|phone\aix\gcc34_32bit\libmdPhone.so
libmdAddr.so|BINARY|AIX|GCC34|64BIT|address\aix\gcc34_64bit\libmdAddr.so
libmdEmail.so|BINARY|AIX|GCC34|64BIT|email\aix\gcc34_64bit\libmdEmail.so
libmdName.so|BINARY|AIX|GCC34|64BIT|name\aix\gcc34_64bit\libmdName.so
libmdPhone.so|BINARY|AIX|GCC34|64BIT|phone\aix\gcc34_64bit\libmdPhone.so
libmdAddr.so|BINARY|AIX|XLC6|32BIT|address\aix\xlc6_32bit\libmdAddr.so
libmdEmail.so|BINARY|AIX|XLC6|32BIT|email\aix\xlc6_32bit\libmdEmail.so
libmdName.so|BINARY|AIX|XLC6|32BIT|name\aix\xlc6_32bit\libmdName.so
libmdPhone.so|BINARY|AIX|XLC6|32BIT|phone\aix\xlc6_32bit\libmdPhone.so
libmdAddr.so|BINARY|AIX|XLC6|64BIT|address\aix\xlc6_64bit\libmdAddr.so
libmdEmail.so|BINARY|AIX|XLC6|64BIT|email\aix\xlc6_64bit\libmdEmail.so
libmdName.so|BINARY|AIX|XLC6|64BIT|name\aix\xlc6_64bit\libmdName.so
libmdPhone.so|BINARY|AIX|XLC6|64BIT|phone\aix\xlc6_64bit\libmdPhone.so
libmdAddr.sl|BINARY|HPUX_IT|ACC3|32BIT|address\hpux\acc3_it_32bit\libmdAddr.sl
libmdEmail.sl|BINARY|HPUX_IT|ACC3|32BIT|email\hpux\acc3_it_32bit\libmdEmail.sl
libmdName.sl|BINARY|HPUX_IT|ACC3|32BIT|name\hpux\acc3_it_32bit\libmdName.sl
libmdPhone.sl|BINARY|HPUX_IT|ACC3|32BIT|phone\hpux\acc3_it_32bit\libmdPhone.sl
libmdAddr.sl|BINARY|HPUX_IT|ACC3|64BIT|address\hpux\acc3_it_64bit\libmdAddr.sl
libmdEmail.sl|BINARY|HPUX_IT|ACC3|64BIT|email\hpux\acc3_it_64bit\libmdEmail.sl
libmdName.sl|BINARY|HPUX_IT|ACC3|64BIT|name\hpux\acc3_it_64bit\libmdName.sl
libmdPhone.sl|BINARY|HPUX_IT|ACC3|64BIT|phone\hpux\acc3_it_64bit\libmdPhone.sl
libmdAddr.sl|BINARY|HPUX_IT|GCC34|32BIT|address\hpux\gcc34_it_32bit\libmdAddr.sl
libmdEmail.sl|BINARY|HPUX_IT|GCC34|32BIT|email\hpux\gcc34_it_32bit\libmdEmail.sl
libmdName.sl|BINARY|HPUX_IT|GCC34|32BIT|name\hpux\gcc34_it_32bit\libmdName.sl
libmdPhone.sl|BINARY|HPUX_IT|GCC34|32BIT|phone\hpux\gcc34_it_32bit\libmdPhone.sl
libmdAddr.sl|BINARY|HPUX_IT|GCC34|64BIT|address\hpux\gcc34_it_64bit\libmdAddr.sl
libmdEmail.sl|BINARY|HPUX_IT|GCC34|64BIT|email\hpux\gcc34_it_64bit\libmdEmail.sl
libmdName.sl|BINARY|HPUX_IT|GCC34|64BIT|name\hpux\gcc34_it_64bit\libmdName.sl
libmdPhone.sl|BINARY|HPUX_IT|GCC34|64BIT|phone\hpux\gcc34_it_64bit\libmdPhone.sl
libmdAddr.sl|BINARY|HPUX_PA|ACC3|32BIT|address\hpux\acc3_pa_32bit\libmdAddr.sl
libmdEmail.sl|BINARY|HPUX_PA|ACC3|32BIT|email\hpux\acc3_pa_32bit\libmdEmail.sl
libmdName.sl|BINARY|HPUX_PA|ACC3|32BIT|name\hpux\acc3_pa_32bit\libmdName.sl
libmdPhone.sl|BINARY|HPUX_PA|ACC3|32BIT|phone\hpux\acc3_pa_32bit\libmdPhone.sl
libmdAddr.sl|BINARY|HPUX_PA|ACC3|64BIT|address\hpux\acc3_pa_64bit\libmdAddr.sl
libmdEmail.sl|BINARY|HPUX_PA|ACC3|64BIT|email\hpux\acc3_pa_64bit\libmdEmail.sl
libmdName.sl|BINARY|HPUX_PA|ACC3|64BIT|name\hpux\acc3_pa_64bit\libmdName.sl
libmdPhone.sl|BINARY|HPUX_PA|ACC3|64BIT|phone\hpux\acc3_pa_64bit\libmdPhone.sl
libmdAddr.sl|BINARY|HPUX_PA|GCC34|32BIT|address\hpux\gcc34_pa_32bit\libmdAddr.sl
libmdEmail.sl|BINARY|HPUX_PA|GCC34|32BIT|email\hpux\gcc34_pa_32bit\libmdEmail.sl
libmdName.sl|BINARY|HPUX_PA|GCC34|32BIT|name\hpux\gcc34_pa_32bit\libmdName.sl
libmdPhone.sl|BINARY|HPUX_PA|GCC34|32BIT|phone\hpux\gcc34_pa_32bit\libmdPhone.sl
libmdAddr.so|BINARY|LINUX|GCC32|32BIT|address\linux\gcc32_32bit\libmdAddr.so
libmdEmail.so|BINARY|LINUX|GCC32|32BIT|email\linux\gcc32_32bit\libmdEmail.so
libmdName.so|BINARY|LINUX|GCC32|32BIT|name\linux\gcc32_32bit\libmdName.so
libmdPhone.so|BINARY|LINUX|GCC32|32BIT|phone\linux\gcc32_32bit\libmdPhone.so
libmdAddr.so|BINARY|LINUX|GCC34|32BIT|address\linux\gcc34_32bit\libmdAddr.so
libmdEmail.so|BINARY|LINUX|GCC34|32BIT|email\linux\gcc34_32bit\libmdEmail.so
libmdName.so|BINARY|LINUX|GCC34|32BIT|name\linux\gcc34_32bit\libmdName.so
libmdPhone.so|BINARY|LINUX|GCC34|32BIT|phone\linux\gcc34_32bit\libmdPhone.so
libmdAddr.so|BINARY|LINUX|GCC34|64BIT|address\linux\gcc34_64bit\libmdAddr.so
libmdEmail.so|BINARY|LINUX|GCC34|64BIT|email\linux\gcc34_64bit\libmdEmail.so
libmdName.so|BINARY|LINUX|GCC34|64BIT|name\linux\gcc34_64bit\libmdName.so
libmdPhone.so|BINARY|LINUX|GCC34|64BIT|phone\linux\gcc34_64bit\libmdPhone.so
libmdAddr.so|BINARY|LINUX|GCC41|32BIT|address\linux\gcc41_32bit\libmdAddr.so
libmdEmail.so|BINARY|LINUX|GCC41|32BIT|email\linux\gcc41_32bit\libmdEmail.so
libmdName.so|BINARY|LINUX|GCC41|32BIT|name\linux\gcc41_32bit\libmdName.so
libmdPhone.so|BINARY|LINUX|GCC41|32BIT|phone\linux\gcc41_32bit\libmdPhone.so
libmdAddr.so|BINARY|LINUX|GCC41|64BIT|address\linux\gcc41_64bit\libmdAddr.so
libmdEmail.so|BINARY|LINUX|GCC41|64BIT|email\linux\gcc41_64bit\libmdEmail.so
libmdName.so|BINARY|LINUX|GCC41|64BIT|name\linux\gcc41_64bit\libmdName.so
libmdPhone.so|BINARY|LINUX|GCC41|64BIT|phone\linux\gcc41_64bit\libmdPhone.so
libmdAddr.so|BINARY|SOLARIS|WS12|64BIT|address\solaris\ws12_64bit\libmdAddr.so
libmdEmail.so|BINARY|SOLARIS|WS12|64BIT|email\solaris\ws12_64bit\libmdEmail.so
libmdName.so|BINARY|SOLARIS|WS12|64BIT|name\solaris\ws12_64bit\libmdName.so
libmdPhone.so|BINARY|SOLARIS|WS12|64BIT|phone\solaris\ws12_64bit\libmdPhone.so
libmdAddr.so|BINARY|SOLARIS|WS6|32BIT|address\solaris\ws6_32bit\libmdAddr.so
libmdEmail.so|BINARY|SOLARIS|WS6|32BIT|email\solaris\ws6_32bit\libmdEmail.so
libmdName.so|BINARY|SOLARIS|WS6|32BIT|name\solaris\ws6_32bit\libmdName.so
libmdPhone.so|BINARY|SOLARIS|WS6|32BIT|phone\solaris\ws6_32bit\libmdPhone.so
libmdAddr.so|BINARY|SOLARIS|WS6|64BIT|address\solaris\ws6_64bit\libmdAddr.so
libmdEmail.so|BINARY|SOLARIS|WS6|64BIT|email\solaris\ws6_64bit\libmdEmail.so
libmdName.so|BINARY|SOLARIS|WS6|64BIT|name\solaris\ws6_64bit\libmdName.so
libmdPhone.so|BINARY|SOLARIS|WS6|64BIT|phone\solaris\ws6_64bit\libmdPhone.so
AddrObj.dll|BINARY|WINDOWS|COM|32BIT|address\windows\com_32bit\AddrObj.dll
EmailObj.dll|BINARY|WINDOWS|COM|32BIT|email\windows\com_32bit\EmailObj.dll
NameObj2.dll|BINARY|WINDOWS|COM|32BIT|name\windows\com_32bit\NameObj2.dll
PhoneObj.dll|BINARY|WINDOWS|COM|32BIT|phone\windows\com_32bit\PhoneObj.dll
AddrObj.dll|BINARY|WINDOWS|COM|64BIT|address\windows\com_64bit\AddrObj.dll
EmailObj.dll|BINARY|WINDOWS|COM|64BIT|email\windows\com_64bit\EmailObj.dll
NameObj2.dll|BINARY|WINDOWS|COM|64BIT|name\windows\com_64bit\NameObj2.dll
PhoneObj.dll|BINARY|WINDOWS|COM|64BIT|phone\windows\com_64bit\PhoneObj.dll
mdAddr.dll|BINARY|WINDOWS|DLL|32BIT|address\windows\dll_32bit\mdAddr.dll
mdEmail.dll|BINARY|WINDOWS|DLL|32BIT|email\windows\dll_32bit\mdEmail.dll
mdName.dll|BINARY|WINDOWS|DLL|32BIT|name\windows\dll_32bit\mdName.dll
mdPhone.dll|BINARY|WINDOWS|DLL|32BIT|phone\windows\dll_32bit\mdPhone.dll
mdAddr.dll|BINARY|WINDOWS|DLL|64BIT|address\windows\dll_64bit\mdAddr.dll
mdEmail.dll|BINARY|WINDOWS|DLL|64BIT|email\windows\dll_64bit\mdEmail.dll
mdName.dll|BINARY|WINDOWS|DLL|64BIT|name\windows\dll_64bit\mdName.dll
mdPhone.dll|BINARY|WINDOWS|DLL|64BIT|phone\windows\dll_64bit\mdPhone.dll
Addr.dbf|DATA|ANY|ANY|ANY|address\data\Addr.dbf
Congress.dbf|DATA|ANY|ANY|ANY|address\data\Congress.dbf
dph256.dte|DATA|ANY|ANY|ANY|address\data\DPV\dph256.dte
dph256.hsa|DATA|ANY|ANY|ANY|address\data\DPV\dph256.hsa
dph256.hsc|DATA|ANY|ANY|ANY|address\data\DPV\dph256.hsc
dph256.hsf|DATA|ANY|ANY|ANY|address\data\DPV\dph256.hsf
dph256.hsn|DATA|ANY|ANY|ANY|address\data\DPV\dph256.hsn
dph256.hsv|DATA|ANY|ANY|ANY|address\data\DPV\dph256.hsv
dph256.hsx|DATA|ANY|ANY|ANY|address\data\DPV\dph256.hsx
ews.txt|DATA|ANY|ANY|ANY|address\data\ews.txt
lcd256|DATA|ANY|ANY|ANY|address\data\DPV\lcd256
mdAddr.dat|DATA|ANY|ANY|ANY|address\data\mdAddr.dat
mdAddr.lic|DATA|ANY|ANY|ANY|address\data\mdAddr.lic
mdAddr.nat|DATA|ANY|ANY|ANY|address\data\mdAddr.nat
mdAddr.str|DATA|ANY|ANY|ANY|address\data\mdAddr.str
mdAddrKey.db|DATA|ANY|ANY|ANY|address\data\mdAddrKey\mdAddrKey.db
mdAddrKeyCA.db|DATA|ANY|ANY|ANY|address\data\mdAddrKey\mdAddrKeyCA.db
mdCanada3.db|DATA|ANY|ANY|ANY|address\data\mdCanada\mdCanada3.db
mdCanadaPOC.db|DATA|ANY|ANY|ANY|address\data\mdCanada\mdCanadaPOC.db
mdEmail.cfg|DATA|ANY|ANY|ANY|email\data\mdEmail.cfg
mdEmail.dat|DATA|ANY|ANY|ANY|email\data\mdEmail.dat
mdEmail.db3|DATA|ANY|ANY|ANY|email\data\mdEmail.db3
mdGlobalPhone.dat|DATA|ANY|ANY|ANY|phone\data\mdGlobalPhone.dat
mdLACS256.dat|DATA|ANY|ANY|ANY|address\data\mdLACS\mdLACS256.dat
mdName.cfg|DATA|ANY|ANY|ANY|name\data\mdName.cfg
mdName.dat|DATA|ANY|ANY|ANY|name\data\mdName.dat
mdPhone.dat|DATA|ANY|ANY|ANY|phone\data\mdPhone.dat
mdPhone.idx|DATA|ANY|ANY|ANY|phone\data\mdPhone.idx
mdRBDI.dat|DATA|ANY|ANY|ANY|address\data\RBDI\mdRBDI.dat
mdSteLink256.dat|DATA|ANY|ANY|ANY|address\data\mdSteLink\mdSteLink256.dat
mdSuiteFinder.db|DATA|ANY|ANY|ANY|address\data\mdSuiteFinder\mdSuiteFinder.db
month256.dat|DATA|ANY|ANY|ANY|address\data\DPV\month256.dat
ZIPNPA.TXT|DATA|ANY|ANY|ANY|phone\data\ZIPNPA.TXT
mdAddr.h|INTERFACE|ANY|C|ANY|address\linux\gcc41_64bit\mdAddr.h
mdEmail.h|INTERFACE|ANY|C|ANY|email\linux\gcc41_64bit\mdEmail.h
mdEnums.h|INTERFACE|ANY|C|ANY|address\linux\gcc41_64bit\mdEnums.h
mdName.h|INTERFACE|ANY|C|ANY|name\linux\gcc32_32bit\mdName.h
mdNameEnums.h|INTERFACE|ANY|C|ANY|name\linux\gcc32_32bit\mdNameEnums.h
mdPhone.h|INTERFACE|ANY|C|ANY|phone\linux\gcc32_32bit\mdPhone.h
mdAddr.jar|INTERFACE|ANY|JAVA|ANY|address\linux\interfaces\Java\mdAddr.jar
mdAddr.java|INTERFACE|ANY|JAVA|ANY|address\linux\interfaces\Java\com\melissadata\mdAddr.java
mdAddrJavaWrapper.cpp|INTERFACE|ANY|JAVA|ANY|address\linux\interfaces\Java\mdAddrJavaWrapper.cpp
mdAddrJavaWrapperJNI.java|INTERFACE|ANY|JAVA|ANY|address\linux\interfaces\Java\com\melissadata\mdAddrJavaWrapperJNI.java
mdEmail.java|INTERFACE|ANY|JAVA|ANY|email\linux\interfaces\Java\com\melissadata\mdEmail.java
mdEmailJavaWrapper.cpp|INTERFACE|ANY|JAVA|ANY|email\linux\interfaces\Java\mdEmailJavaWrapper.cpp
mdEmailJavaWrapperJNI.java|INTERFACE|ANY|JAVA|ANY|email\linux\interfaces\Java\com\melissadata\mdEmailJavaWrapperJNI.java
mdGlobalPhone.java|INTERFACE|ANY|JAVA|ANY|phone\linux\interfaces\Java\com\melissadata\mdGlobalPhone.java
mdName.java|INTERFACE|ANY|JAVA|ANY|name\linux\interfaces\Java\com\melissadata\mdName.java
mdNameJavaWrapper.cpp|INTERFACE|ANY|JAVA|ANY|name\linux\interfaces\Java\mdNameJavaWrapper.cpp
mdNameJavaWrapperJNI.java|INTERFACE|ANY|JAVA|ANY|name\linux\interfaces\Java\com\melissadata\mdNameJavaWrapperJNI.java
mdParse.java|INTERFACE|ANY|JAVA|ANY|address\linux\interfaces\Java\com\melissadata\mdParse.java
mdPhone.java|INTERFACE|ANY|JAVA|ANY|phone\linux\interfaces\Java\com\melissadata\mdPhone.java
mdPhoneJavaWrapper.cpp|INTERFACE|ANY|JAVA|ANY|phone\linux\interfaces\Java\mdPhoneJavaWrapper.cpp
mdPhoneJavaWrapperJNI.java|INTERFACE|ANY|JAVA|ANY|phone\linux\interfaces\Java\com\melissadata\mdPhoneJavaWrapperJNI.java
mdStreet.java|INTERFACE|ANY|JAVA|ANY|address\linux\interfaces\Java\com\melissadata\mdStreet.java
mdZip.java|INTERFACE|ANY|JAVA|ANY|address\linux\interfaces\Java\com\melissadata\mdZip.java
SWIGTYPE_p_float.java|INTERFACE|ANY|JAVA|ANY|address\linux\interfaces\Java\com\melissadata\SWIGTYPE_p_float.java
mdAddrPerlWrapper.cpp|INTERFACE|ANY|PERL|ANY|address\linux\interfaces\Perl\mdAddrPerlWrapper.cpp
mdAddrPerlWrapper.pm|INTERFACE|ANY|PERL|ANY|address\linux\samples\Perl\mdAddrPerlWrapper.pm
mdEmailPerlWrapper.cpp|INTERFACE|ANY|PERL|ANY|email\linux\interfaces\Perl\mdEmailPerlWrapper.cpp
mdEmailPerlWrapper.pm|INTERFACE|ANY|PERL|ANY|email\linux\samples\Perl\mdEmailPerlWrapper.pm
mdNamePerlWrapper.cpp|INTERFACE|ANY|PERL|ANY|name\linux\interfaces\Perl\mdNamePerlWrapper.cpp
mdNamePerlWrapper.pm|INTERFACE|ANY|PERL|ANY|name\linux\samples\Perl\mdNamePerlWrapper.pm
mdPhonePerlWrapper.cpp|INTERFACE|ANY|PERL|ANY|phone\linux\interfaces\Perl\mdPhonePerlWrapper.cpp
mdPhonePerlWrapper.pm|INTERFACE|ANY|PERL|ANY|phone\linux\samples\Perl\mdPhonePerlWrapper.pm
mdAddrPHPWrapper.cpp|INTERFACE|ANY|PHP|ANY|address\linux\interfaces\PHP\mdAddrPHPWrapper.cpp
mdAddrPHPWrapper.php|INTERFACE|ANY|PHP|ANY|address\linux\samples\PHP\mdAddrPHPWrapper.php
mdEmailPHPWrapper.cpp|INTERFACE|ANY|PHP|ANY|email\linux\interfaces\PHP\mdEmailPHPWrapper.cpp
mdEmailPHPWrapper.php|INTERFACE|ANY|PHP|ANY|email\linux\samples\PHP\mdEmailPHPWrapper.php
mdNamePHPWrapper.cpp|INTERFACE|ANY|PHP|ANY|name\linux\interfaces\PHP\mdNamePHPWrapper.cpp
mdNamePHPWrapper.php|INTERFACE|ANY|PHP|ANY|name\linux\samples\PHP\mdNamePHPWrapper.php
mdPhonePHPWrapper.cpp|INTERFACE|ANY|PHP|ANY|phone\linux\interfaces\PHP\mdPhonePHPWrapper.cpp
mdPhonePHPWrapper.php|INTERFACE|ANY|PHP|ANY|phone\linux\samples\PHP\mdPhonePHPWrapper.php
php_mdAddrPHPWrapper.h|INTERFACE|ANY|PHP|ANY|address\linux\interfaces\PHP\php_mdAddrPHPWrapper.h
php_mdEmailPHPWrapper.h|INTERFACE|ANY|PHP|ANY|email\linux\interfaces\PHP\php_mdEmailPHPWrapper.h
php_mdNamePHPWrapper.h|INTERFACE|ANY|PHP|ANY|name\linux\interfaces\PHP\php_mdNamePHPWrapper.h
php_mdPhonePHPWrapper.h|INTERFACE|ANY|PHP|ANY|phone\linux\interfaces\PHP\php_mdPhonePHPWrapper.h
mdAddrPHP7Wrapper.cpp|INTERFACE|ANY|PHP7|ANY|address\linux\interfaces\PHP7\mdAddrPHP7Wrapper.cpp
mdAddrPHP7Wrapper.php|INTERFACE|ANY|PHP7|ANY|address\linux\samples\PHP7\mdAddrPHP7Wrapper.php
mdEmailPHP7Wrapper.cpp|INTERFACE|ANY|PHP7|ANY|email\linux\interfaces\PHP7\mdEmailPHP7Wrapper.cpp
mdEmailPHP7Wrapper.php|INTERFACE|ANY|PHP7|ANY|email\linux\samples\PHP7\mdEmailPHP7Wrapper.php
mdNamePHP7Wrapper.cpp|INTERFACE|ANY|PHP7|ANY|name\linux\interfaces\PHP7\mdNamePHP7Wrapper.cpp
mdNamePHP7Wrapper.php|INTERFACE|ANY|PHP7|ANY|name\linux\samples\PHP7\mdNamePHP7Wrapper.php
mdPhonePHP7Wrapper.cpp|INTERFACE|ANY|PHP7|ANY|phone\linux\interfaces\PHP7\mdPhonePHP7Wrapper.cpp
mdPhonePHP7Wrapper.php|INTERFACE|ANY|PHP7|ANY|phone\linux\samples\PHP7\mdPhonePHP7Wrapper.php
php_mdAddrPHP7Wrapper.h|INTERFACE|ANY|PHP7|ANY|address\linux\interfaces\PHP7\php_mdAddrPHP7Wrapper.h
php_mdEmailPHP7Wrapper.h|INTERFACE|ANY|PHP7|ANY|email\linux\interfaces\PHP7\php_mdEmailPHP7Wrapper.h
php_mdNamePHP7Wrapper.h|INTERFACE|ANY|PHP7|ANY|name\linux\interfaces\PHP7\php_mdNamePHP7Wrapper.h
php_mdPhonePHP7Wrapper.h|INTERFACE|ANY|PHP7|ANY|phone\linux\interfaces\PHP7\php_mdPhonePHP7Wrapper.h
mdAddrPythonWrapper.cpp|INTERFACE|ANY|PYTHON|ANY|address\linux\interfaces\Python\mdAddrPythonWrapper.cpp
mdAddrPythonWrapper.py|INTERFACE|ANY|PYTHON|ANY|address\linux\samples\Python\mdAddrPythonWrapper.py
mdEmailPythonWrapper.cpp|INTERFACE|ANY|PYTHON|ANY|email\linux\interfaces\Python\mdEmailPythonWrapper.cpp
mdEmailPythonWrapper.py|INTERFACE|ANY|PYTHON|ANY|email\linux\samples\Python\mdEmailPythonWrapper.py
mdNamePythonWrapper.cpp|INTERFACE|ANY|PYTHON|ANY|name\linux\interfaces\Python\mdNamePythonWrapper.cpp
mdNamePythonWrapper.py|INTERFACE|ANY|PYTHON|ANY|name\linux\samples\Python\mdNamePythonWrapper.py
mdPhonePythonWrapper.cpp|INTERFACE|ANY|PYTHON|ANY|phone\linux\interfaces\Python\mdPhonePythonWrapper.cpp
mdPhonePythonWrapper.py|INTERFACE|ANY|PYTHON|ANY|phone\linux\samples\Python\mdPhonePythonWrapper.py
mdAddrRubyWrapper.cpp|INTERFACE|ANY|RUBY|ANY|address\linux\interfaces\Ruby\mdAddrRubyWrapper.cpp
mdEmailRubyWrapper.cpp|INTERFACE|ANY|RUBY|ANY|email\linux\interfaces\Ruby\mdEmailRubyWrapper.cpp
mdNameRubyWrapper.cpp|INTERFACE|ANY|RUBY|ANY|name\linux\interfaces\Ruby\mdNameRubyWrapper.cpp
mdPhoneRubyWrapper.cpp|INTERFACE|ANY|RUBY|ANY|phone\linux\interfaces\Ruby\mdPhoneRubyWrapper.cpp
libmdAddrJavaWrapper.so|INTERFACE|LINUX|JAVA|64BIT|address\linux\interfaces\Java\libmdAddrJavaWrapper.so
wrap_mdAddr.pls|INTERFACE|LINUX|PLSQL|ANY|address\linux\samples\PLSQL\wrap_mdAddr.pls
wrap_mdEmail.pls|INTERFACE|LINUX|PLSQL|ANY|email\linux\samples\PLSQL\wrap_mdEmail.pls
wrap_mdName.pls|INTERFACE|LINUX|PLSQL|ANY|name\linux\samples\PLSQL\wrap_mdName.pls
wrap_mdPhone.pls|INTERFACE|LINUX|PLSQL|ANY|phone\linux\samples\PLSQL\wrap_mdPhone.pls
mdAddr.lib|INTERFACE|WINDOWS|C|32BIT|address\windows\dll_32bit\mdAddr.lib
mdEmail.lib|INTERFACE|WINDOWS|C|32BIT|email\windows\dll_32bit\mdEmail.lib
mdName.lib|INTERFACE|WINDOWS|C|32BIT|name\windows\dll_32bit\mdName.lib
mdPhone.lib|INTERFACE|WINDOWS|C|32BIT|phone\windows\dll_32bit\mdPhone.lib
mdAddr.lib|INTERFACE|WINDOWS|C|64BIT|address\windows\dll_64bit\mdAddr.lib
mdEmail.lib|INTERFACE|WINDOWS|C|64BIT|email\windows\dll_64bit\mdEmail.lib
mdName.lib|INTERFACE|WINDOWS|C|64BIT|name\windows\dll_64bit\mdName.lib
mdPhone.lib|INTERFACE|WINDOWS|C|64BIT|phone\windows\dll_64bit\mdPhone.lib
mdAddrJavaWrapper.dll|INTERFACE|WINDOWS|JAVA|32BIT|address\windows\samples\Java\x86\mdAddrJavaWrapper.dll
mdEmailJavaWrapper.dll|INTERFACE|WINDOWS|JAVA|32BIT|email\windows\samples\Java\x86\mdEmailJavaWrapper.dll
mdNameJavaWrapper.dll|INTERFACE|WINDOWS|JAVA|32BIT|name\windows\samples\Java\x86\mdNameJavaWrapper.dll
mdPhoneJavaWrapper.dll|INTERFACE|WINDOWS|JAVA|32BIT|phone\windows\samples\Java\x86\mdPhoneJavaWrapper.dll
mdAddrJavaWrapper.dll|INTERFACE|WINDOWS|JAVA|64BIT|address\windows\samples\Java\mdAddrJavaWrapper.dll
mdEmailJavaWrapper.dll|INTERFACE|WINDOWS|JAVA|64BIT|email\windows\samples\Java\mdEmailJavaWrapper.dll
mdNameJavaWrapper.dll|INTERFACE|WINDOWS|JAVA|64BIT|name\windows\samples\Java\mdNameJavaWrapper.dll
mdPhoneJavaWrapper.dll|INTERFACE|WINDOWS|JAVA|64BIT|phone\windows\samples\Java\mdPhoneJavaWrapper.dll
mdAddr_SqlClrInstallScript.sql|INTERFACE|WINDOWS|MSSQL|ANY|address\windows\samples\SQLServer\clr\mdAddr_SqlClrInstallScript.sql
mdAddr_cSharpCode.cs|INTERFACE|WINDOWS|NET|ANY|address\windows\interfaces\NET\mdAddr_cSharpCode.cs
mdAddrNET.dll|INTERFACE|WINDOWS|NET|ANY|address\windows\samples\NET\x64\mdAddrNET.dll
mdEmail_cSharpCode.cs|INTERFACE|WINDOWS|NET|ANY|email\windows\interfaces\NET\mdEmail_cSharpCode.cs
mdEmailNET.dll|INTERFACE|WINDOWS|NET|ANY|email\windows\interfaces\NET\2008Wrappers\x64\mdEmailNET.dll
mdName_cSharpCode.cs|INTERFACE|WINDOWS|NET|ANY|name\windows\interfaces\NET\mdName_cSharpCode.cs
mdNameNET.dll|INTERFACE|WINDOWS|NET|ANY|name\windows\samples\NET\x64\mdNameNET.dll
mdPhone_cSharpCode.cs|INTERFACE|WINDOWS|NET|ANY|phone\windows\interfaces\NET\mdPhone_cSharpCode.cs
mdPhoneNET.dll|INTERFACE|WINDOWS|NET|ANY|phone\windows\samples\NET\x64\mdPhoneNET.dll
mdAddrPerlWrapper.dll|INTERFACE|WINDOWS|PERL|32BIT|address\windows\samples\Perl\x86\mdAddrPerlWrapper.dll
mdEmailPerlWrapper.dll|INTERFACE|WINDOWS|PERL|32BIT|email\windows\samples\Perl\x86\mdEmailPerlWrapper.dll
mdNamePerlWrapper.dll|INTERFACE|WINDOWS|PERL|32BIT|name\windows\samples\Perl\x86\mdNamePerlWrapper.dll
mdPhonePerlWrapper.dll|INTERFACE|WINDOWS|PERL|32BIT|phone\windows\samples\Perl\x86\mdPhonePerlWrapper.dll
mdAddrPerlWrapper.dll|INTERFACE|WINDOWS|PERL|64BIT|address\windows\samples\Perl\mdAddrPerlWrapper.dll
mdEmailPerlWrapper.dll|INTERFACE|WINDOWS|PERL|64BIT|email\windows\samples\Perl\mdEmailPerlWrapper.dll
mdNamePerlWrapper.dll|INTERFACE|WINDOWS|PERL|64BIT|name\windows\samples\Perl\mdNamePerlWrapper.dll
mdPhonePerlWrapper.dll|INTERFACE|WINDOWS|PERL|64BIT|phone\windows\samples\Perl\mdPhonePerlWrapper.dll
php_mdAddrPHPWrapper.dll|INTERFACE|WINDOWS|PHP|32BIT|address\windows\samples\PHP\php_mdAddrPHPWrapper.dll
php_mdEmailPHPWrapper.dll|INTERFACE|WINDOWS|PHP|32BIT|email\windows\samples\PHP\php_mdEmailPHPWrapper.dll
php_mdNamePHPWrapper.dll|INTERFACE|WINDOWS|PHP|32BIT|name\windows\samples\PHP\php_mdNamePHPWrapper.dll
php_mdPhonePHPWrapper.dll|INTERFACE|WINDOWS|PHP|32BIT|phone\windows\samples\PHP\php_mdPhonePHPWrapper.dll
php_mdAddrPHP7Wrapper.dll|INTERFACE|WINDOWS|PHP7|64BIT|address\windows\samples\PHP7\php_mdAddrPHP7Wrapper.dll
php_mdEmailPHP7Wrapper.dll|INTERFACE|WINDOWS|PHP7|64BIT|email\windows\samples\PHP7\php_mdEmailPHP7Wrapper.dll
php_mdNamePHP7Wrapper.dll|INTERFACE|WINDOWS|PHP7|64BIT|name\windows\samples\PHP7\php_mdNamePHP7Wrapper.dll
php_mdPhonePHP7Wrapper.dll|INTERFACE|WINDOWS|PHP7|64BIT|phone\windows\samples\PHP7\php_mdPhonePHP7Wrapper.dll
wrap_mdAddr_win.pls|INTERFACE|WINDOWS|PLSQL|ANY|address\windows\samples\PLSQL\wrap_mdAddr_win.pls
wrap_mdEmail_win.pls|INTERFACE|WINDOWS|PLSQL|ANY|email\windows\samples\PLSQL\wrap_mdEmail_win.pls
wrap_mdName_win.pls|INTERFACE|WINDOWS|PLSQL|ANY|name\windows\samples\PLSQL\wrap_mdName_win.pls
wrap_mdPhone_win.pls|INTERFACE|WINDOWS|PLSQL|ANY|phone\windows\samples\PLSQL\wrap_mdPhone_win.pls
_mdAddrPythonWrapper.pyd|INTERFACE|WINDOWS|PYTHON|32BIT|address\windows\samples\Python\x86\_mdAddrPythonWrapper.pyd
_mdEmailPythonWrapper.pyd|INTERFACE|WINDOWS|PYTHON|32BIT|email\windows\samples\Python\x86\_mdEmailPythonWrapper.pyd
_mdNamePythonWrapper.pyd|INTERFACE|WINDOWS|PYTHON|32BIT|name\windows\samples\Python\x86\_mdNamePythonWrapper.pyd
_mdPhonePythonWrapper.pyd|INTERFACE|WINDOWS|PYTHON|32BIT|phone\windows\samples\Python\x86\_mdPhonePythonWrapper.pyd
_mdAddrPythonWrapper.pyd|INTERFACE|WINDOWS|PYTHON|64BIT|address\windows\samples\Python\_mdAddrPythonWrapper.pyd
_mdEmailPythonWrapper.pyd|INTERFACE|WINDOWS|PYTHON|64BIT|email\windows\samples\Python\_mdEmailPythonWrapper.pyd
_mdNamePythonWrapper.pyd|INTERFACE|WINDOWS|PYTHON|64BIT|name\windows\samples\Python\_mdNamePythonWrapper.pyd
_mdPhonePythonWrapper.pyd|INTERFACE|WINDOWS|PYTHON|64BIT|phone\windows\samples\Python\_mdPhonePythonWrapper.pyd
mdAddrRubyWrapper.dll|INTERFACE|WINDOWS|RUBY|32BIT|address\windows\samples\Ruby\mdAddrRubyWrapper.dll
mdEmailRubyWrapper.dll|INTERFACE|WINDOWS|RUBY|32BIT|email\windows\samples\Ruby\mdEmailRubyWrapper.dll
mdNameRubyWrapper.dll|INTERFACE|WINDOWS|RUBY|32BIT|name\windows\samples\Ruby\mdNameRubyWrapper.dll
mdPhoneRubyWrapper.dll|INTERFACE|WINDOWS|RUBY|32BIT|phone\windows\samples\Ruby\mdPhoneRubyWrapper.dll