libmdEmail.so|BINARY|AIX|GCC34|32BIT|email/aix/gcc34_32bit/libmdEmail.so
libmdEmail.so|BINARY|AIX|GCC34|64BIT|email/aix/gcc34_64bit/libmdEmail.so
libmdEmail.so|BINARY|AIX|XLC6|32BIT|email/aix/xlc6_32bit/libmdEmail.so
libmdEmail.so|BINARY|AIX|XLC6|64BIT|email/aix/xlc6_64bit/libmdEmail.so
libmdEmail.sl|BINARY|HPUX_IT|ACC3|32BIT|email/hpux/acc3_it_32bit/libmdEmail.sl
libmdEmail.sl|BINARY|HPUX_IT|ACC3|64BIT|email/hpux/acc3_it_64bit/libmdEmail.sl
libmdEmail.sl|BINARY|HPUX_IT|GCC34|32BIT|email/hpux/gcc34_it_32bit/libmdEmail.sl
libmdEmail.sl|BINARY|HPUX_IT|GCC34|64BIT|email/hpux/gcc34_it_64bit/libmdEmail.sl
libmdEmail.sl|BINARY|HPUX_PA|ACC3|32BIT|email/hpux/acc3_pa_32bit/libmdEmail.sl
libmdEmail.sl|BINARY|HPUX_PA|ACC3|64BIT|email/hpux/acc3_pa_64bit/libmdEmail.sl
libmdEmail.sl|BINARY|HPUX_PA|GCC34|32BIT|email/hpux/gcc34_pa_32bit/libmdEmail.sl
libmdEmail.so|BINARY|LINUX|GCC32|32BIT|email/linux/gcc32_32bit/libmdEmail.so
libmdEmail.so|BINARY|LINUX|GCC34|32BIT|email/linux/gcc34_32bit/libmdEmail.so
libmdEmail.so|BINARY|LINUX|GCC34|64BIT|email/linux/gcc34_64bit/libmdEmail.so
libmdEmail.so|BINARY|LINUX|GCC41|32BIT|email/linux/gcc41_32bit/libmdEmail.so
libmdEmail.so|BINARY|LINUX|GCC41|64BIT|email/linux/gcc41_64bit/libmdEmail.so
libmdEmail.so|BINARY|SOLARIS|WS12|64BIT|email/solaris/ws12_64bit/libmdEmail.so
libmdEmail.so|BINARY|SOLARIS|WS6|32BIT|email/solaris/ws6_32bit/libmdEmail.so
libmdEmail.so|BINARY|SOLARIS|WS6|64BIT|email/solaris/ws6_64bit/libmdEmail.so
EmailObj.dll|BINARY|WINDOWS|COM|32BIT|email/windows/com_32bit/EmailObj.dll
EmailObj.dll|BINARY|WINDOWS|COM|64BIT|email/windows/com_64bit/EmailObj.dll
mdEmail.dll|BINARY|WINDOWS|DLL|32BIT|email/windows/dll_32bit/mdEmail.dll
mdEmail.dll|BINARY|WINDOWS|DLL|64BIT|email/windows/dll_64bit/mdEmail.dll