libmdPhone.sl|BINARY|HPUX_IT|ACC3|32BIT|dq_phone_bins/hpux_it/acc3/32bit/libmdPhone.sl
libmdPhone.sl|BINARY|HPUX_IT|ACC3|64BIT|dq_phone_bins/hpux_it/acc3/64bit/libmdPhone.sl
libmdPhone.sl|BINARY|HPUX_IT|GCC34|64BIT|dq_phone_bins/hpux_it/gcc34/64bit/libmdPhone.sl
libmdPhone.sl|BINARY|HPUX_IT|GCC34|32BIT|dq_phone_bins/hpux_it/gcc34/32bit/libmdPhone.sl
libmdPhone.so|BINARY|LINUX|GCC48|32BIT|dq_phone_bins/linux/gcc48/32bit/libmdPhone.so
libmdPhone.so|BINARY|AIX|XLC12|32BIT|dq_phone_bins/aix/xlc12/32bit/libmdPhone.so
libmdPhone.so|BINARY|SOLARIS|WS6|64BIT|dq_phone_bins/solaris/ws6/64bit/libmdPhone.so
libmdPhone.so|BINARY|AIX|GCC83|32BIT|dq_phone_bins/aix/gcc83/32bit/libmdPhone.so
libmdPhone.so|BINARY|SOLARIS|WS12|64BIT|dq_phone_bins/solaris/ws12/64bit/libmdPhone.so
libmdPhone.so|BINARY|SOLARIS|WS6|32BIT|dq_phone_bins/solaris/ws6/32bit/libmdPhone.so
libmdPhone.so|BINARY|AIX|XLC12|64BIT|dq_phone_bins/aix/xlc12/64bit/libmdPhone.so
libmdPhone.so|BINARY|LINUX|GCC48|64BIT|dq_phone_bins/linux/gcc48/64bit/libmdPhone.so
libmdPhone.so|BINARY|AIX|GCC83|64BIT|dq_phone_bins/aix/gcc83/64bit/libmdPhone.so
mdPhone.dll|BINARY|WINDOWS|DLL|32BIT|dq_phone_bins/windows/dll/32bit/mdPhone.dll
mdPhone.dll|BINARY|WINDOWS|DLL|64BIT|dq_phone_bins/windows/dll/64bit/mdPhone.dll
PhoneObj.dll|BINARY|WINDOWS|COM|32BIT|dq_phone_bins/windows/com/32bit/PhoneObj.dll
PhoneObj.dll|BINARY|WINDOWS|COM|64BIT|dq_phone_bins/windows/com/64bit/PhoneObj.dll
