libmdPhone.so|BINARY|AIX|GCC34|32BIT|phone/aix/gcc34_32bit/libmdPhone.so
libmdPhone.so|BINARY|AIX|GCC34|64BIT|phone/aix/gcc34_64bit/libmdPhone.so
libmdPhone.so|BINARY|AIX|XLC6|32BIT|phone/aix/xlc6_32bit/libmdPhone.so
libmdPhone.so|BINARY|AIX|XLC6|64BIT|phone/aix/xlc6_64bit/libmdPhone.so
libmdPhone.sl|BINARY|HPUX_IT|ACC3|32BIT|phone/hpux/acc3_it_32bit/libmdPhone.sl
libmdPhone.sl|BINARY|HPUX_IT|ACC3|64BIT|phone/hpux/acc3_it_64bit/libmdPhone.sl
libmdPhone.sl|BINARY|HPUX_IT|GCC34|32BIT|phone/hpux/gcc34_it_32bit/libmdPhone.sl
libmdPhone.sl|BINARY|HPUX_IT|GCC34|64BIT|phone/hpux/gcc34_it_64bit/libmdPhone.sl
libmdPhone.sl|BINARY|HPUX_PA|ACC3|32BIT|phone/hpux/acc3_pa_32bit/libmdPhone.sl
libmdPhone.sl|BINARY|HPUX_PA|ACC3|64BIT|phone/hpux/acc3_pa_64bit/libmdPhone.sl
libmdPhone.sl|BINARY|HPUX_PA|GCC34|32BIT|phone/hpux/gcc34_pa_32bit/libmdPhone.sl
libmdPhone.so|BINARY|LINUX|GCC32|32BIT|phone/linux/gcc32_32bit/libmdPhone.so
libmdPhone.so|BINARY|LINUX|GCC34|32BIT|phone/linux/gcc34_32bit/libmdPhone.so
libmdPhone.so|BINARY|LINUX|GCC34|64BIT|phone/linux/gcc34_64bit/libmdPhone.so
libmdPhone.so|BINARY|LINUX|GCC41|32BIT|phone/linux/gcc41_32bit/libmdPhone.so
libmdPhone.so|BINARY|LINUX|GCC41|64BIT|phone/linux/gcc41_64bit/libmdPhone.so
libmdPhone.so|BINARY|SOLARIS|WS12|64BIT|phone/solaris/ws12_64bit/libmdPhone.so
libmdPhone.so|BINARY|SOLARIS|WS6|32BIT|phone/solaris/ws6_32bit/libmdPhone.so
libmdPhone.so|BINARY|SOLARIS|WS6|64BIT|phone/solaris/ws6_64bit/libmdPhone.so
PhoneObj.dll|BINARY|WINDOWS|COM|32BIT|phone/windows/com_32bit/PhoneObj.dll
PhoneObj.dll|BINARY|WINDOWS|COM|64BIT|phone/windows/com_64bit/PhoneObj.dll
mdPhone.dll|BINARY|WINDOWS|DLL|32BIT|phone/windows/dll_32bit/mdPhone.dll
mdPhone.dll|BINARY|WINDOWS|DLL|64BIT|phone/windows/dll_64bit/mdPhone.dll