AddrObj.dll|BINARY|WINDOWS|COM|32BIT|dq_suite/windows/com/32bit/AddrObj.dll
AddrObj.dll|BINARY|WINDOWS|COM|64BIT|dq_suite/windows/com/64bit/AddrObj.dll
Addr.dbf|DATA|ANY|ANY|ANY|dq_suite/data/Addr.dbf
Congress.csv|DATA|ANY|ANY|ANY|dq_suite/data/Congress.csv
dph256.dte|DATA|ANY|ANY|ANY|dq_suite/data/dph256.dte
dph256.hsa|DATA|ANY|ANY|ANY|dq_suite/data/dph256.hsa
dph256.hsc|DATA|ANY|ANY|ANY|dq_suite/data/dph256.hsc
dph256.hsd|DATA|ANY|ANY|ANY|dq_suite/data/dph256.hsd
dph256.hsf|DATA|ANY|ANY|ANY|dq_suite/data/dph256.hsf
dph256.hsn|DATA|ANY|ANY|ANY|dq_suite/data/dph256.hsn
dph256.hsp|DATA|ANY|ANY|ANY|dq_suite/data/dph256.hsp
dph256.hsr|DATA|ANY|ANY|ANY|dq_suite/data/dph256.hsr
dph256.hst|DATA|ANY|ANY|ANY|dq_suite/data/dph256.hst
dph256.hsu|DATA|ANY|ANY|ANY|dq_suite/data/dph256.hsu
dph256.hsv|DATA|ANY|ANY|ANY|dq_suite/data/dph256.hsv
dph256.hsx|DATA|ANY|ANY|ANY|dq_suite/data/dph256.hsx
dph256.hsy|DATA|ANY|ANY|ANY|dq_suite/data/dph256.hsy
dph256.hsz|DATA|ANY|ANY|ANY|dq_suite/data/dph256.hsz
EmailObj.dll|BINARY|WINDOWS|COM|32BIT|dq_suite/windows/com/32bit/EmailObj.dll
EmailObj.dll|BINARY|WINDOWS|COM|64BIT|dq_suite/windows/com/64bit/EmailObj.dll
ews.txt|DATA|ANY|ANY|ANY|dq_suite/data/ews.txt
lcd256|DATA|ANY|ANY|ANY|dq_suite/data/lcd256
libmdAddr.sl|BINARY|HPUX_IT|ACC3|32BIT|dq_suite/hpux_it/acc3/32bit/libmdAddr.sl
libmdAddr.sl|BINARY|HPUX_IT|GCC34|64BIT|dq_suite/hpux_it/gcc34/64bit/libmdAddr.sl
libmdAddr.sl|BINARY|HPUX_IT|GCC34|32BIT|dq_suite/hpux_it/gcc34/32bit/libmdAddr.sl
libmdAddr.sl|BINARY|HPUX_IT|ACC3|64BIT|dq_suite/hpux_it/acc3/64bit/libmdAddr.sl
libmdAddr.so|BINARY|ZLINUX|GCC46|64BIT|dq_suite/zlinux/gcc46/64bit/libmdAddr.so
libmdAddr.so|BINARY|LINUX|GCC48|64BIT|dq_suite/linux/gcc48/64bit/libmdAddr.so
libmdAddr.so|BINARY|SOLARIS|WS6|64BIT|dq_suite/solaris/ws6/64bit/libmdAddr.so
libmdAddr.so|BINARY|LINUX|GCC48|32BIT|dq_suite/linux/gcc48/32bit/libmdAddr.so
libmdAddr.so|BINARY|SOLARIS|WS6|32BIT|dq_suite/solaris/ws6/32bit/libmdAddr.so
libmdAddr.so|BINARY|SOLARIS|WS12|64BIT|dq_suite/solaris/ws12/64bit/libmdAddr.so
libmdAddr.so|BINARY|AIX|GCC83|64BIT|dq_suite/aix/gcc83/64bit/libmdAddr.so
libmdAddr.so|BINARY|AIX|GCC83|32BIT|dq_suite/aix/gcc83/32bit/libmdAddr.so
libmdAddr.so|BINARY|AIX|XLC12|32BIT|dq_suite/aix/xlc12/32bit/libmdAddr.so
libmdAddr.so|BINARY|AIX|XLC12|64BIT|dq_suite/aix/xlc12/64bit/libmdAddr.so
libmdEmail.sl|BINARY|HPUX_IT|ACC3|32BIT|dq_suite/hpux_it/acc3/32bit/libmdEmail.sl
libmdEmail.sl|BINARY|HPUX_IT|GCC34|32BIT|dq_suite/hpux_it/gcc34/32bit/libmdEmail.sl
libmdEmail.sl|BINARY|HPUX_IT|GCC34|64BIT|dq_suite/hpux_it/gcc34/64bit/libmdEmail.sl
libmdEmail.sl|BINARY|HPUX_IT|ACC3|64BIT|dq_suite/hpux_it/acc3/64bit/libmdEmail.sl
libmdEmail.so|BINARY|LINUX|GCC48|32BIT|dq_suite/linux/gcc48/32bit/libmdEmail.so
libmdEmail.so|BINARY|SOLARIS|WS6|32BIT|dq_suite/solaris/ws6/32bit/libmdEmail.so
libmdEmail.so|BINARY|AIX|GCC83|32BIT|dq_suite/aix/gcc83/32bit/libmdEmail.so
libmdEmail.so|BINARY|LINUX|GCC48|64BIT|dq_suite/linux/gcc48/64bit/libmdEmail.so
libmdEmail.so|BINARY|AIX|GCC83|64BIT|dq_suite/aix/gcc83/64bit/libmdEmail.so
libmdEmail.so|BINARY|SOLARIS|WS12|64BIT|dq_suite/solaris/ws12/64bit/libmdEmail.so
libmdEmail.so|BINARY|AIX|XLC12|32BIT|dq_suite/aix/xlc12/32bit/libmdEmail.so
libmdEmail.so|BINARY|SOLARIS|WS6|64BIT|dq_suite/solaris/ws6/64bit/libmdEmail.so
libmdEmail.so|BINARY|AIX|XLC12|64BIT|dq_suite/aix/xlc12/64bit/libmdEmail.so
libmdName.sl|BINARY|HPUX_IT|ACC3|64BIT|dq_suite/hpux_it/acc3/64bit/libmdName.sl
libmdName.sl|BINARY|HPUX_IT|GCC34|64BIT|dq_suite/hpux_it/gcc34/64bit/libmdName.sl
libmdName.sl|BINARY|HPUX_IT|GCC34|32BIT|dq_suite/hpux_it/gcc34/32bit/libmdName.sl
libmdName.sl|BINARY|HPUX_IT|ACC3|32BIT|dq_suite/hpux_it/acc3/32bit/libmdName.sl
libmdName.so|BINARY|SOLARIS|WS6|64BIT|dq_suite/solaris/ws6/64bit/libmdName.so
libmdName.so|BINARY|AIX|XLC12|32BIT|dq_suite/aix/xlc12/32bit/libmdName.so
libmdName.so|BINARY|LINUX|GCC48|32BIT|dq_suite/linux/gcc48/32bit/libmdName.so
libmdName.so|BINARY|SOLARIS|WS12|64BIT|dq_suite/solaris/ws12/64bit/libmdName.so
libmdName.so|BINARY|SOLARIS|WS6|32BIT|dq_suite/solaris/ws6/32bit/libmdName.so
libmdName.so|BINARY|AIX|GCC83|32BIT|dq_suite/aix/gcc83/32bit/libmdName.so
libmdName.so|BINARY|AIX|GCC83|64BIT|dq_suite/aix/gcc83/64bit/libmdName.so
libmdName.so|BINARY|AIX|XLC12|64BIT|dq_suite/aix/xlc12/64bit/libmdName.so
libmdName.so|BINARY|LINUX|GCC48|64BIT|dq_suite/linux/gcc48/64bit/libmdName.so
libmdPhone.sl|BINARY|HPUX_IT|ACC3|64BIT|dq_suite/hpux_it/acc3/64bit/libmdPhone.sl
libmdPhone.sl|BINARY|HPUX_IT|ACC3|32BIT|dq_suite/hpux_it/acc3/32bit/libmdPhone.sl
libmdPhone.sl|BINARY|HPUX_IT|GCC34|32BIT|dq_suite/hpux_it/gcc34/32bit/libmdPhone.sl
libmdPhone.sl|BINARY|HPUX_IT|GCC34|64BIT|dq_suite/hpux_it/gcc34/64bit/libmdPhone.sl
libmdPhone.so|BINARY|AIX|GCC83|32BIT|dq_suite/aix/gcc83/32bit/libmdPhone.so
libmdPhone.so|BINARY|LINUX|GCC48|32BIT|dq_suite/linux/gcc48/32bit/libmdPhone.so
libmdPhone.so|BINARY|SOLARIS|WS6|32BIT|dq_suite/solaris/ws6/32bit/libmdPhone.so
libmdPhone.so|BINARY|AIX|GCC83|64BIT|dq_suite/aix/gcc83/64bit/libmdPhone.so
libmdPhone.so|BINARY|AIX|XLC12|64BIT|dq_suite/aix/xlc12/64bit/libmdPhone.so
libmdPhone.so|BINARY|AIX|XLC12|32BIT|dq_suite/aix/xlc12/32bit/libmdPhone.so
libmdPhone.so|BINARY|SOLARIS|WS12|64BIT|dq_suite/solaris/ws12/64bit/libmdPhone.so
libmdPhone.so|BINARY|LINUX|GCC48|64BIT|dq_suite/linux/gcc48/64bit/libmdPhone.so
libmdPhone.so|BINARY|SOLARIS|WS6|64BIT|dq_suite/solaris/ws6/64bit/libmdPhone.so
mdAddr.dat|DATA|ANY|ANY|ANY|dq_suite/data/mdAddr.dat
mdAddr.dll|BINARY|WINDOWS|DLL|64BIT|dq_suite/windows/dll/64bit/mdAddr.dll
mdAddr.dll|BINARY|WINDOWS|DLL|32BIT|dq_suite/windows/dll/32bit/mdAddr.dll
mdAddr.h|INTERFACE|ANY|C|ANY|dq_suite/interfaces/c/mdAddr.h
mdAddr.lib|INTERFACE|WINDOWS|C|32BIT|dq_suite/interfaces/windows/c/32bit/mdAddr.lib
mdAddr.lib|INTERFACE|WINDOWS|C|64BIT|dq_suite/interfaces/windows/c/64bit/mdAddr.lib
mdAddr.lic|DATA|ANY|ANY|ANY|dq_suite/data/mdAddr.lic
mdAddr.nat|DATA|ANY|ANY|ANY|dq_suite/data/mdAddr.nat
mdAddr.str|DATA|ANY|ANY|ANY|dq_suite/data/mdAddr.str
mdAddrKey.db|DATA|ANY|ANY|ANY|dq_suite/data/mdAddrKey.db
mdAddrKeyCA.db|DATA|ANY|ANY|ANY|dq_suite/data/mdAddrKeyCA.db
mdCanada3.db|DATA|ANY|ANY|ANY|dq_suite/data/mdCanada3.db
mdCanadaPOC.db|DATA|ANY|ANY|ANY|dq_suite/data/mdCanadaPOC.db
mdEmail.cfg|DATA|ANY|ANY|ANY|dq_suite/data/mdEmail.cfg
mdEmail.db3|DATA|ANY|ANY|ANY|dq_suite/data/mdEmail.db3
mdEmail.dll|BINARY|WINDOWS|DLL|32BIT|dq_suite/windows/dll/32bit/mdEmail.dll
mdEmail.dll|BINARY|WINDOWS|DLL|64BIT|dq_suite/windows/dll/64bit/mdEmail.dll
mdEmail.h|INTERFACE|ANY|C|ANY|dq_suite/interfaces/c/mdEmail.h
mdEmail.lib|INTERFACE|WINDOWS|C|32BIT|dq_suite/interfaces/windows/c/32bit/mdEmail.lib
mdEmail.lib|INTERFACE|WINDOWS|C|64BIT|dq_suite/interfaces/windows/c/64bit/mdEmail.lib
mdEnums.h|INTERFACE|ANY|C|ANY|dq_suite/interfaces/c/mdEnums.h
mdGlobalPhone.dat|DATA|ANY|ANY|ANY|dq_suite/data/mdGlobalPhone.dat
mdLACS256.dat|DATA|ANY|ANY|ANY|dq_suite/data/mdLACS256.dat
mdName.cfg|DATA|ANY|ANY|ANY|dq_suite/data/mdName.cfg
mdName.dat|DATA|ANY|ANY|ANY|dq_suite/data/mdName.dat
mdName.dll|BINARY|WINDOWS|DLL|64BIT|dq_suite/windows/dll/64bit/mdName.dll
mdName.dll|BINARY|WINDOWS|DLL|32BIT|dq_suite/windows/dll/32bit/mdName.dll
mdName.h|INTERFACE|ANY|C|ANY|dq_suite/interfaces/c/mdName.h
mdName.lib|INTERFACE|WINDOWS|C|32BIT|dq_suite/interfaces/windows/c/32bit/mdName.lib
mdName.lib|INTERFACE|WINDOWS|C|64BIT|dq_suite/interfaces/windows/c/64bit/mdName.lib
mdNameEnums.h|INTERFACE|ANY|C|ANY|dq_suite/interfaces/c/mdNameEnums.h
mdPhone.dat|DATA|ANY|ANY|ANY|dq_suite/data/mdPhone.dat
mdPhone.dll|BINARY|WINDOWS|DLL|32BIT|dq_suite/windows/dll/32bit/mdPhone.dll
mdPhone.dll|BINARY|WINDOWS|DLL|64BIT|dq_suite/windows/dll/64bit/mdPhone.dll
mdPhone.h|INTERFACE|ANY|C|ANY|dq_suite/interfaces/c/mdPhone.h
mdPhone.idx|DATA|ANY|ANY|ANY|dq_suite/data/mdPhone.idx
mdPhone.lib|INTERFACE|WINDOWS|C|32BIT|dq_suite/interfaces/windows/c/32bit/mdPhone.lib
mdPhone.lib|INTERFACE|WINDOWS|C|64BIT|dq_suite/interfaces/windows/c/64bit/mdPhone.lib
mdRBDI.dat|DATA|ANY|ANY|ANY|dq_suite/data/mdRBDI.dat
mdSteLink256.dat|DATA|ANY|ANY|ANY|dq_suite/data/mdSteLink256.dat
mdSuiteFinder.db|DATA|ANY|ANY|ANY|dq_suite/data/mdSuiteFinder.db
month256.dat|DATA|ANY|ANY|ANY|dq_suite/data/month256.dat
NameObj2.dll|BINARY|WINDOWS|COM|32BIT|dq_suite/windows/com/32bit/NameObj2.dll
NameObj2.dll|BINARY|WINDOWS|COM|64BIT|dq_suite/windows/com/64bit/NameObj2.dll
PhoneObj.dll|BINARY|WINDOWS|COM|32BIT|dq_suite/windows/com/32bit/PhoneObj.dll
PhoneObj.dll|BINARY|WINDOWS|COM|64BIT|dq_suite/windows/com/64bit/PhoneObj.dll
ps3553_T.pdf|DATA|ANY|ANY|ANY|dq_suite/data/ps3553_T.pdf
ZIPNPA.TXT|DATA|ANY|ANY|ANY|dq_suite/data/ZIPNPA.TXT