libmdGeo.so|BINARY|AIX|GCC34|64BIT|aix/gcc34_64bit/libmdGeo.so
libmdGeo.so|BINARY|AIX|XLC6|64BIT|aix/xlc6_64bit/libmdGeo.so
libmdGeo.sl|BINARY|HPUX_IT|ACC3|32BIT|hpux/acc3_it_32bit/libmdGeo.sl
libmdGeo.sl|BINARY|HPUX_IT|ACC3|64BIT|hpux/acc3_it_64bit/libmdGeo.sl
libmdGeo.sl|BINARY|HPUX_IT|GCC34|32BIT|hpux/gcc34_it_32bit/libmdGeo.sl
libmdGeo.sl|BINARY|HPUX_IT|GCC34|64BIT|hpux/gcc34_it_64bit/libmdGeo.sl
libmdGeo.so|BINARY|LINUX|GCC32|32BIT|linux/gcc32_32bit/libmdGeo.so
libmdGeo.so|BINARY|LINUX|GCC34|32BIT|linux/gcc34_32bit/libmdGeo.so
libmdGeo.so|BINARY|LINUX|GCC34|64BIT|linux/gcc34_64bit/libmdGeo.so
libmdGeo.so|BINARY|LINUX|GCC41|32BIT|linux/gcc41_32bit/libmdGeo.so
libmdGeo.so|BINARY|LINUX|GCC41|64BIT|linux/gcc41_64bit/libmdGeo.so
libmdGeo.so|BINARY|SOLARIS|WS12|64BIT|solaris/ws12_64bit/libmdGeo.so
libmdGeo.so|BINARY|SOLARIS|WS6|32BIT|solaris/ws6_32bit/libmdGeo.so
libmdGeo.so|BINARY|SOLARIS|WS6|64BIT|solaris/ws6_64bit/libmdGeo.so
GeoObj.dll|BINARY|WINDOWS|COM|32BIT|windows/com_32bit/GeoObj.dll
GeoObj.dll|BINARY|WINDOWS|COM|64BIT|windows/com_64bit/GeoObj.dll
mdGeo.dll|BINARY|WINDOWS|DLL|32BIT|windows/dll_32bit/mdGeo.dll
mdGeo.dll|BINARY|WINDOWS|DLL|64BIT|windows/dll_64bit/mdGeo.dll
mdGeoCanada.db|DATA|ANY|ANY|ANY|data/mdGeoCanada.db
mdGeoCode.db3|DATA|ANY|ANY|ANY|data/mdGeoCode.db3
mdGeoCodeZ4.db3|DATA|ANY|ANY|ANY|data/mdGeoCodeZ4.db3
mdGeo.h|INTERFACE|ANY|C|ANY|linux/gcc41_64bit/mdGeo.h
mdGeo.jar|INTERFACE|ANY|JAVA|ANY|linux/interfaces/java/mdGeo.jar
mdGeo.java|INTERFACE|ANY|JAVA|ANY|linux/interfaces/java/com/melissadata/mdGeo.java
mdGeoJavaWrapper.cpp|INTERFACE|ANY|JAVA|ANY|linux/interfaces/java/mdGeoJavaWrapper.cpp
mdGeoJavaWrapperJNI.java|INTERFACE|ANY|JAVA|ANY|linux/interfaces/java/com/melissadata/mdGeoJavaWrapperJNI.java
mdGeoPerlWrapper.cpp|INTERFACE|ANY|PERL|ANY|linux/interfaces/perl/mdGeoPerlWrapper.cpp
mdGeoPerlWrapper.pm|INTERFACE|ANY|PERL|ANY|linux/interfaces/perl/mdGeoPerlWrapper.pm
mdGeoPHPWrapper.cpp|INTERFACE|ANY|PHP|ANY|linux/interfaces/php/mdGeoPHPWrapper.cpp
mdGeoPHPWrapper.php|INTERFACE|ANY|PHP|ANY|linux/interfaces/php/mdGeoPHPWrapper.php
php_mdGeoPHPWrapper.h|INTERFACE|ANY|PHP|ANY|linux/interfaces/php/php_mdGeoPHPWrapper.h
mdGeoPHP7Wrapper.cpp|INTERFACE|ANY|PHP7|ANY|linux/interfaces/php7/mdGeoPHP7Wrapper.cpp
mdGeoPHP7Wrapper.php|INTERFACE|ANY|PHP7|ANY|linux/interfaces/php7/mdGeoPHP7Wrapper.php
php_mdGeoPHP7Wrapper.h|INTERFACE|ANY|PHP7|ANY|linux/interfaces/php7/php_mdGeoPHP7Wrapper.h
mdGeoPythonWrapper.cpp|INTERFACE|ANY|PYTHON|ANY|linux/interfaces/python/mdGeoPythonWrapper.cpp
mdGeoPythonWrapper.py|INTERFACE|ANY|PYTHON|ANY|linux/interfaces/python/mdGeoPythonWrapper.py
mdGeoRubyWrapper.cpp|INTERFACE|ANY|RUBY|ANY|linux/interfaces/ruby/mdGeoRubyWrapper.cpp
libmdGeoJavaWrapper.so|INTERFACE|LINUX|JAVA|64BIT|linux/interfaces/java/libmdGeoJavaWrapper.so
libmdGeoPerlWrapper.so|INTERFACE|LINUX|PERL|64BIT|linux/interfaces/perl/libmdGeoPerlWrapper.so
libmdGeoPHPWrapper.so|INTERFACE|LINUX|PHP|32BIT|linux/interfaces/php/libmdGeoPHPWrapper.so
libmdGeoPHP7Wrapper.so|INTERFACE|LINUX|PHP7|64BIT|linux/interfaces/php7/libmdGeoPHP7Wrapper.so
wrap_mdGeo.pls|INTERFACE|LINUX|PLSQL|ANY|linux/interfaces/plsql/wrap_mdGeo.pls
_mdGeoPythonWrapper.so|INTERFACE|LINUX|PYTHON|64BIT|linux/interfaces/python/_mdGeoPythonWrapper.so
mdGeoRubyWrapper.so|INTERFACE|LINUX|RUBY|32BIT|linux/interfaces/ruby/mdGeoRubyWrapper.so
mdGeo.lib|INTERFACE|WINDOWS|C|32BIT|windows/dll_32bit/mdGeo.lib
mdGeo.lib|INTERFACE|WINDOWS|C|64BIT|windows/dll_64bit/mdGeo.lib
mdGeoJavaWrapper.dll|INTERFACE|WINDOWS|JAVA|32BIT|windows/interfaces/java/mdGeoJavaWrapper.dll
mdGeoJavaWrapper.dll|INTERFACE|WINDOWS|JAVA|64BIT|windows/interfaces/java/x64/mdGeoJavaWrapper.dll
mdGeo_cSharpCode.cs|INTERFACE|WINDOWS|NET|ANY|windows/interfaces/net/Source/mdGeo_cSharpCode.cs
mdGeoNET.dll|INTERFACE|WINDOWS|NET|ANY|windows/interfaces/net/mdGeoNET.dll
mdGeoPerlWrapper.dll|INTERFACE|WINDOWS|PERL|32BIT|windows/interfaces/perl/mdGeoPerlWrapper.dll
mdGeoPerlWrapper.dll|INTERFACE|WINDOWS|PERL|64BIT|windows/interfaces/perl/x64/mdGeoPerlWrapper.dll
php_mdGeoPHPWrapper.dll|INTERFACE|WINDOWS|PHP|32BIT|windows/interfaces/php/X86/php_mdGeoPHPWrapper.dll
php_mdGeoPHPWrapper.dll|INTERFACE|WINDOWS|PHP|64BIT|windows/interfaces/php/php_mdGeoPHPWrapper.dll
php_mdGeoPHP7Wrapper.dll|INTERFACE|WINDOWS|PHP7|32BIT|windows/interfaces/php7/X86/php_mdGeoPHP7Wrapper.dll
php_mdGeoPHP7Wrapper.dll|INTERFACE|WINDOWS|PHP7|64BIT|windows/interfaces/php7/X64/php_mdGeoPHP7Wrapper.dll
wrap_mdGeo_win.pls|INTERFACE|WINDOWS|PLSQL|ANY|windows/interfaces/plsql/wrap_mdGeo_win.pls
_mdGeoPythonWrapper.pyd|INTERFACE|WINDOWS|PYTHON|32BIT|windows/interfaces/python/_mdGeoPythonWrapper.pyd
_mdGeoPythonWrapper.pyd|INTERFACE|WINDOWS|PYTHON|64BIT|windows/interfaces/python/x64/_mdGeoPythonWrapper.pyd
mdGeoRubyWrapper.dll|INTERFACE|WINDOWS|RUBY|32BIT|windows/interfaces/ruby/mdGeoRubyWrapper.dll