GeoObj.dll|BINARY|WINDOWS|COM|64BIT|geocoder_dvd/windows/com/64bit/GeoObj.dll
GeoObj.dll|BINARY|WINDOWS|COM|32BIT|geocoder_dvd/windows/com/32bit/GeoObj.dll
libmdGeo.sl|BINARY|HPUX_IT|ACC3|32BIT|geocoder_dvd/hpux_it/acc3/32bit/libmdGeo.sl
libmdGeo.sl|BINARY|HPUX_IT|GCC34|32BIT|geocoder_dvd/hpux_it/gcc34/32bit/libmdGeo.sl
libmdGeo.sl|BINARY|HPUX_IT|GCC34|64BIT|geocoder_dvd/hpux_it/gcc34/64bit/libmdGeo.sl
libmdGeo.sl|BINARY|HPUX_IT|ACC3|64BIT|geocoder_dvd/hpux_it/acc3/64bit/libmdGeo.sl
libmdGeo.so|BINARY|AIX|XLC12|64BIT|geocoder_dvd/aix/xlc12/64bit/libmdGeo.so
libmdGeo.so|BINARY|LINUX|GCC48|64BIT|geocoder_dvd/linux/gcc48/64bit/libmdGeo.so
libmdGeo.so|BINARY|LINUX|GCC41|32BIT|geocoder_dvd/linux/gcc41/32bit/libmdGeo.so
libmdGeo.so|BINARY|SOLARIS|WS6|32BIT|geocoder_dvd/solaris/ws6/32bit/libmdGeo.so
libmdGeo.so|BINARY|SOLARIS|WS6|64BIT|geocoder_dvd/solaris/ws6/64bit/libmdGeo.so
libmdGeo.so|BINARY|SOLARIS|WS12|64BIT|geocoder_dvd/solaris/ws12/64bit/libmdGeo.so
libmdGeo.so|BINARY|LINUX|GCC48|32BIT|geocoder_dvd/linux/gcc48/32bit/libmdGeo.so
libmdGeo.so|BINARY|LINUX|GCC41|64BIT|geocoder_dvd/linux/gcc41/64bit/libmdGeo.so
libmdGeo.so|BINARY|LINUX|GCC34|32BIT|geocoder_dvd/linux/gcc34/32bit/libmdGeo.so
libmdGeo.so|BINARY|LINUX|GCC34|64BIT|geocoder_dvd/linux/gcc34/64bit/libmdGeo.so
libmdGeo.so|BINARY|AIX|GCC83|64BIT|geocoder_dvd/aix/gcc83/64bit/libmdGeo.so
mdGeo.dll|BINARY|WINDOWS|DLL|64BIT|geocoder_dvd/windows/dll/64bit/mdGeo.dll
mdGeo.dll|BINARY|WINDOWS|DLL|32BIT|geocoder_dvd/windows/dll/32bit/mdGeo.dll
mdGeo.h|INTERFACE|ANY|C|ANY|geocoder_dvd/interfaces/c/mdGeo.h
mdGeo.lib|INTERFACE|WINDOWS|C|32BIT|geocoder_dvd/interfaces/windows/c/32bit/mdGeo.lib
mdGeo.lib|INTERFACE|WINDOWS|C|64BIT|geocoder_dvd/interfaces/windows/c/64bit/mdGeo.lib
mdGeoCode.db3|DATA|ANY|ANY|ANY|geocoder_dvd/data/mdGeoCode.db3
