AK.txt|DATA|ANY|ANY|ANY|TXT/AK.txt
AL.txt|DATA|ANY|ANY|ANY|TXT/AL.txt
AR.txt|DATA|ANY|ANY|ANY|TXT/AR.txt
AZ.txt|DATA|ANY|ANY|ANY|TXT/AZ.txt
CA.txt|DATA|ANY|ANY|ANY|TXT/CA.txt
CNTY.DAT|DATA|ANY|ANY|ANY|CNTY.DAT
CNTY.dbf|DATA|ANY|ANY|ANY|HEADERS/DBF/CNTY.dbf
CO.txt|DATA|ANY|ANY|ANY|TXT/CO.txt
CT.txt|DATA|ANY|ANY|ANY|TXT/CT.txt
DC.txt|DATA|ANY|ANY|ANY|TXT/DC.txt
DE.txt|DATA|ANY|ANY|ANY|TXT/DE.txt
FL.txt|DATA|ANY|ANY|ANY|TXT/FL.txt
GA.txt|DATA|ANY|ANY|ANY|TXT/GA.txt
GEODATA.dbf|DATA|ANY|ANY|ANY|HEADERS/DBF/GEODATA.dbf
GEODATA.MDB|DATA|ANY|ANY|ANY|HEADERS/MDB/GEODATA.MDB
GU.txt|DATA|ANY|ANY|ANY|TXT/GU.txt
HI.txt|DATA|ANY|ANY|ANY|TXT/HI.txt
IA.txt|DATA|ANY|ANY|ANY|TXT/IA.txt
ID.txt|DATA|ANY|ANY|ANY|TXT/ID.txt
IL.txt|DATA|ANY|ANY|ANY|TXT/IL.txt
IN.txt|DATA|ANY|ANY|ANY|TXT/IN.txt
KS.txt|DATA|ANY|ANY|ANY|TXT/KS.txt
KY.txt|DATA|ANY|ANY|ANY|TXT/KY.txt
LA.txt|DATA|ANY|ANY|ANY|TXT/LA.txt
MA.txt|DATA|ANY|ANY|ANY|TXT/MA.txt
MD.txt|DATA|ANY|ANY|ANY|TXT/MD.txt
ME.txt|DATA|ANY|ANY|ANY|TXT/ME.txt
MI.txt|DATA|ANY|ANY|ANY|TXT/MI.txt
MN.txt|DATA|ANY|ANY|ANY|TXT/MN.txt
MO.txt|DATA|ANY|ANY|ANY|TXT/MO.txt
MS.txt|DATA|ANY|ANY|ANY|TXT/MS.txt
MT.txt|DATA|ANY|ANY|ANY|TXT/MT.txt
NC.txt|DATA|ANY|ANY|ANY|TXT/NC.txt
ND.txt|DATA|ANY|ANY|ANY|TXT/ND.txt
NE.txt|DATA|ANY|ANY|ANY|TXT/NE.txt
NH.txt|DATA|ANY|ANY|ANY|TXT/NH.txt
NJ.txt|DATA|ANY|ANY|ANY|TXT/NJ.txt
NM.txt|DATA|ANY|ANY|ANY|TXT/NM.txt
NV.txt|DATA|ANY|ANY|ANY|TXT/NV.txt
NY.txt|DATA|ANY|ANY|ANY|TXT/NY.txt
OH.txt|DATA|ANY|ANY|ANY|TXT/OH.txt
OK.txt|DATA|ANY|ANY|ANY|TXT/OK.txt
OR.txt|DATA|ANY|ANY|ANY|TXT/OR.txt
PA.txt|DATA|ANY|ANY|ANY|TXT/PA.txt
PLACENAME.DAT|DATA|ANY|ANY|ANY|PLACENAME.DAT
PLACENAME.DBF|DATA|ANY|ANY|ANY|HEADERS/DBF/PLACENAME.DBF
PR.txt|DATA|ANY|ANY|ANY|TXT/PR.txt
RI.txt|DATA|ANY|ANY|ANY|TXT/RI.txt
SC.txt|DATA|ANY|ANY|ANY|TXT/SC.txt
SD.txt|DATA|ANY|ANY|ANY|TXT/SD.txt
TN.txt|DATA|ANY|ANY|ANY|TXT/TN.txt
TX.txt|DATA|ANY|ANY|ANY|TXT/TX.txt
UT.txt|DATA|ANY|ANY|ANY|TXT/UT.txt
VA.txt|DATA|ANY|ANY|ANY|TXT/VA.txt
VI.txt|DATA|ANY|ANY|ANY|TXT/VI.txt
VT.txt|DATA|ANY|ANY|ANY|TXT/VT.txt
WA.txt|DATA|ANY|ANY|ANY|TXT/WA.txt
WI.txt|DATA|ANY|ANY|ANY|TXT/WI.txt
WV.txt|DATA|ANY|ANY|ANY|TXT/WV.txt
WY.txt|DATA|ANY|ANY|ANY|TXT/WY.txt
ZIP.DAT|DATA|ANY|ANY|ANY|ZIP.DAT
ZIP.DBF|DATA|ANY|ANY|ANY|HEADERS/DBF/ZIP.DBF