mdCityState.dat|DATA|ANY|ANY|ANY|presort_dvd/data/mdCityState.dat
mdDropship.dat|DATA|ANY|ANY|ANY|presort_dvd/data/mdDropship.dat
mdDSF.DAT|DATA|ANY|ANY|ANY|presort_dvd/data/mdDSF.DAT
mdL001.dat|DATA|ANY|ANY|ANY|presort_dvd/data/mdL001.dat
mdL002A.dat|DATA|ANY|ANY|ANY|presort_dvd/data/mdL002A.dat
mdL002B1.dat|DATA|ANY|ANY|ANY|presort_dvd/data/mdL002B1.dat
mdL002B2.dat|DATA|ANY|ANY|ANY|presort_dvd/data/mdL002B2.dat
mdL002C.dat|DATA|ANY|ANY|ANY|presort_dvd/data/mdL002C.dat
mdL004A.dat|DATA|ANY|ANY|ANY|presort_dvd/data/mdL004A.dat
mdL004B.dat|DATA|ANY|ANY|ANY|presort_dvd/data/mdL004B.dat
mdL004C.dat|DATA|ANY|ANY|ANY|presort_dvd/data/mdL004C.dat
mdL005.dat|DATA|ANY|ANY|ANY|presort_dvd/data/mdL005.dat
mdL006A.dat|DATA|ANY|ANY|ANY|presort_dvd/data/mdL006A.dat
mdL006B.dat|DATA|ANY|ANY|ANY|presort_dvd/data/mdL006B.dat
mdL007.dat|DATA|ANY|ANY|ANY|presort_dvd/data/mdL007.dat
mdL008.dat|DATA|ANY|ANY|ANY|presort_dvd/data/mdL008.dat
mdL009A.dat|DATA|ANY|ANY|ANY|presort_dvd/data/mdL009A.dat
mdL009B.dat|DATA|ANY|ANY|ANY|presort_dvd/data/mdL009B.dat
mdL010.dat|DATA|ANY|ANY|ANY|presort_dvd/data/mdL010.dat
mdL011A.dat|DATA|ANY|ANY|ANY|presort_dvd/data/mdL011A.dat
mdL011B.dat|DATA|ANY|ANY|ANY|presort_dvd/data/mdL011B.dat
mdL012.dat|DATA|ANY|ANY|ANY|presort_dvd/data/mdL012.dat
mdL201A.dat|DATA|ANY|ANY|ANY|presort_dvd/data/mdL201A.dat
mdL201B.dat|DATA|ANY|ANY|ANY|presort_dvd/data/mdL201B.dat
mdL601.dat|DATA|ANY|ANY|ANY|presort_dvd/data/mdL601.dat
mdL602.dat|DATA|ANY|ANY|ANY|presort_dvd/data/mdL602.dat
mdL801A.dat|DATA|ANY|ANY|ANY|presort_dvd/data/mdL801A.dat
mdL801B.dat|DATA|ANY|ANY|ANY|presort_dvd/data/mdL801B.dat
mdMP4Zone.DAT|DATA|ANY|ANY|ANY|presort_dvd/data/mdMP4Zone.DAT
mdPresort.dll|BINARY|WINDOWS|DLL|64BIT|presort_dvd/windows/dll/64bit/mdPresort.dll
mdPresort.dll|BINARY|WINDOWS|DLL|32BIT|presort_dvd/windows/dll/32bit/mdPresort.dll
mdPresort.h|INTERFACE|ANY|C|ANY|presort_dvd/interfaces/c/mdPresort.h
mdPresort.lib|INTERFACE|WINDOWS|C|32BIT|presort_dvd/interfaces/windows/c/32bit/mdPresort.lib
mdPresort.lib|INTERFACE|WINDOWS|C|64BIT|presort_dvd/interfaces/windows/c/64bit/mdPresort.lib
mdPresort.lic|DATA|ANY|ANY|ANY|presort_dvd/data/mdPresort.lic
mdPresortEnums.h|INTERFACE|ANY|C|ANY|presort_dvd/interfaces/c/mdPresortEnums.h
mdValid5.dat|DATA|ANY|ANY|ANY|presort_dvd/data/mdValid5.dat
MP4DSF.DAT|DATA|ANY|ANY|ANY|presort_dvd/data/MP4DSF.DAT
PostalRatesFile.txt|DATA|ANY|ANY|ANY|presort_dvd/data/PostalRatesFile.txt
PresortObj.dll|BINARY|WINDOWS|COM|32BIT|presort_dvd/windows/com/32bit/PresortObj.dll
PresortObj.dll|BINARY|WINDOWS|COM|64BIT|presort_dvd/windows/com/64bit/PresortObj.dll
