presort_dvd|libmdPresort.so|BINARY|LINUX|GCC34|32BIT|linux\gcc34_32bit\libmdPresort.so
presort_dvd|libmdPresort.so|BINARY|LINUX|GCC34|64BIT|linux\gcc34_64bit\libmdPresort.so
presort_dvd|libmdPresort.so|BINARY|LINUX|GCC41|32BIT|linux\gcc41_32bit\libmdPresort.so
presort_dvd|libmdPresort.so|BINARY|LINUX|GCC41|64BIT|linux\gcc41_64bit\libmdPresort.so
presort_dvd|PresortObj.dll|BINARY|WINDOWS|COM|32BIT|windows\com_32bit\PresortObj.dll
presort_dvd|PresortObj.dll|BINARY|WINDOWS|COM|64BIT|windows\com_64bit\PresortObj.dll
presort_dvd|mdPresort.dll|BINARY|WINDOWS|DLL|32BIT|windows\dll_32bit\mdPresort.dll
presort_dvd|mdPresort.dll|BINARY|WINDOWS|DLL|64BIT|windows\dll_64bit\mdPresort.dll
presort_dvd|mdCityState.dat|DATA|ANY|ANY|ANY|data\mdCityState.dat
presort_dvd|mdDropship.dat|DATA|ANY|ANY|ANY|data\mdDropship.dat
presort_dvd|mdDSF.DAT|DATA|ANY|ANY|ANY|data\mdDSF.DAT
presort_dvd|mdL001.dat|DATA|ANY|ANY|ANY|data\mdL001.dat
presort_dvd|mdL002A.dat|DATA|ANY|ANY|ANY|data\mdL002A.dat
presort_dvd|mdL002B1.dat|DATA|ANY|ANY|ANY|data\mdL002B1.dat
presort_dvd|mdL002B2.dat|DATA|ANY|ANY|ANY|data\mdL002B2.dat
presort_dvd|mdL002C.dat|DATA|ANY|ANY|ANY|data\mdL002C.dat
presort_dvd|mdL004A.dat|DATA|ANY|ANY|ANY|data\mdL004A.dat
presort_dvd|mdL004B.dat|DATA|ANY|ANY|ANY|data\mdL004B.dat
presort_dvd|mdL004C.dat|DATA|ANY|ANY|ANY|data\mdL004C.dat
presort_dvd|mdL005.dat|DATA|ANY|ANY|ANY|data\mdL005.dat
mdL006A.dat|DATA|ANY|ANY|ANY|data\mdL006A.dat
mdL006B.dat|DATA|ANY|ANY|ANY|data\mdL006B.dat
mdL007.dat|DATA|ANY|ANY|ANY|data\mdL007.dat
mdL008.dat|DATA|ANY|ANY|ANY|data\mdL008.dat
mdL009A.dat|DATA|ANY|ANY|ANY|data\mdL009A.dat
mdL009B.dat|DATA|ANY|ANY|ANY|data\mdL009B.dat
mdL010.dat|DATA|ANY|ANY|ANY|data\mdL010.dat
mdL011A.dat|DATA|ANY|ANY|ANY|data\mdL011A.dat
mdL011B.dat|DATA|ANY|ANY|ANY|data\mdL011B.dat
mdL012.dat|DATA|ANY|ANY|ANY|data\mdL012.dat
mdL201A.dat|DATA|ANY|ANY|ANY|data\mdL201A.dat
mdL201B.dat|DATA|ANY|ANY|ANY|data\mdL201B.dat
mdL601.dat|DATA|ANY|ANY|ANY|data\mdL601.dat
mdL602.dat|DATA|ANY|ANY|ANY|data\mdL602.dat
mdL801A.dat|DATA|ANY|ANY|ANY|data\mdL801A.dat
mdL801B.dat|DATA|ANY|ANY|ANY|data\mdL801B.dat
mdMP4Zone.DAT|DATA|ANY|ANY|ANY|data\mdMP4Zone.DAT
mdPresort.lic|DATA|ANY|ANY|ANY|data\mdPresort.lic
mdValid5.dat|DATA|ANY|ANY|ANY|data\mdValid5.dat
MP4DSF.DAT|DATA|ANY|ANY|ANY|data\MP4DSF.DAT
PostalRatesFile.txt|DATA|ANY|ANY|ANY|data\PostalRatesFile.txt
mdPresort.h|INTERFACE|ANY|C|ANY|linux\gcc34_32bit\mdPresort.h
mdPresortEnums.h|INTERFACE|ANY|C|ANY|linux\gcc34_32bit\mdPresortEnums.h
mdPresort.java|INTERFACE|ANY|JAVA|ANY|linux\interfaces\java\com\melissadata\mdPresort.java
mdPresortJavaWrapper.cpp|INTERFACE|ANY|JAVA|ANY|linux\interfaces\java\mdPresortJavaWrapper.cpp
mdPresortJavaWrapperJNI.java|INTERFACE|ANY|JAVA|ANY|linux\interfaces\java\com\melissadata\mdPresortJavaWrapperJNI.java
SWIGTYPE_p_f_p_void_float__void.java|INTERFACE|ANY|JAVA|ANY|linux\interfaces\java\com\melissadata\SWIGTYPE_p_f_p_void_float__void.java
SWIGTYPE_p_mdPresort_.java|INTERFACE|ANY|JAVA|ANY|linux\interfaces\java\com\melissadata\SWIGTYPE_p_mdPresort_.java
SWIGTYPE_p_void.java|INTERFACE|ANY|JAVA|ANY|linux\interfaces\java\com\melissadata\SWIGTYPE_p_void.java
mdPresortPerlWrapper.cpp|INTERFACE|ANY|PERL|ANY|linux\interfaces\perl\mdPresortPerlWrapper.cpp
mdPresortPerlWrapper.pm|INTERFACE|ANY|PERL|ANY|linux\interfaces\perl\mdPresortPerlWrapper.pm
mdPresortPHPWrapper.cpp|INTERFACE|ANY|PHP|ANY|linux\interfaces\php\mdPresortPHPWrapper.cpp
mdPresortPHPWrapper.php|INTERFACE|ANY|PHP|ANY|linux\interfaces\php\mdPresortPHPWrapper.php
php_mdPresortPHPWrapper.h|INTERFACE|ANY|PHP|ANY|linux\interfaces\php\php_mdPresortPHPWrapper.h
mdPresortPHP7Wrapper.cpp|INTERFACE|ANY|PHP7|ANY|linux\interfaces\php7\mdPresortPHP7Wrapper.cpp
mdPresortPHP7Wrapper.php|INTERFACE|ANY|PHP7|ANY|linux\interfaces\php7\mdPresortPHP7Wrapper.php
php_mdPresortPHP7Wrapper.h|INTERFACE|ANY|PHP7|ANY|linux\interfaces\php7\php_mdPresortPHP7Wrapper.h
mdPresortPythonWrapper.cpp|INTERFACE|ANY|PYTHON|ANY|linux\interfaces\python\mdPresortPythonWrapper.cpp
mdPresortPythonWrapper.py|INTERFACE|ANY|PYTHON|ANY|linux\interfaces\python\mdPresortPythonWrapper.py
mdPresortRubyWrapper.cpp|INTERFACE|ANY|RUBY|ANY|linux\interfaces\ruby\mdPresortRubyWrapper.cpp
mdPresort.lib|INTERFACE|WINDOWS|C|32BIT|windows\dll_32bit\mdPresort.lib
mdPresort.lib|INTERFACE|WINDOWS|C|64BIT|windows\dll_64bit\mdPresort.lib
mdPresortJavaWrapper.dll|INTERFACE|WINDOWS|JAVA|32BIT|windows\interfaces\java\mdPresortJavaWrapper.dll
mdPresortJavaWrapper.dll|INTERFACE|WINDOWS|JAVA|64BIT|windows\interfaces\java\x64\mdPresortJavaWrapper.dll
mdPresort_cSharpCode.cs|INTERFACE|WINDOWS|NET|ANY|windows\interfaces\net\source\mdPresort_cSharpCode.cs
mdPresortNET.dll|INTERFACE|WINDOWS|NET|ANY|windows\interfaces\net\x64\mdPresortNET.dll
mdPresortPerlWrapper.dll|INTERFACE|WINDOWS|PERL|32BIT|windows\interfaces\perl\mdPresortPerlWrapper.dll
mdPresortPerlWrapper.dll|INTERFACE|WINDOWS|PERL|64BIT|windows\interfaces\perl\x64\mdPresortPerlWrapper.dll
php_mdPresortPHPWrapper.dll|INTERFACE|WINDOWS|PHP|32BIT|windows\interfaces\php\php_mdPresortPHPWrapper.dll
php_mdPresortPHP7Wrapper.dll|INTERFACE|WINDOWS|PHP7|64BIT|windows\interfaces\php7\php_mdPresortPHP7Wrapper.dll
_mdPresortPythonWrapper.pyd|INTERFACE|WINDOWS|PYTHON|32BIT|windows\interfaces\python\_mdPresortPythonWrapper.pyd
_mdPresortPythonWrapper.pyd|INTERFACE|WINDOWS|PYTHON|64BIT|windows\interfaces\python\x64\_mdPresortPythonWrapper.pyd
mdPresortRubyWrapper.dll|INTERFACE|WINDOWS|RUBY|32BIT|windows\interfaces\ruby\mdPresortRubyWrapper.dll