libmdRightFielder.sl|BINARY|HPUX_IT|ACC3|32BIT|hpux/acc3_it_32bit/libmdRightFielder.sl
libmdRightFielder.sl|BINARY|HPUX_IT|ACC3|64BIT|hpux/acc3_it_64bit/libmdRightFielder.sl
libmdRightFielder.sl|BINARY|HPUX_IT|GCC34|32BIT|hpux/gcc34_it_32bit/libmdRightFielder.sl
libmdRightFielder.sl|BINARY|HPUX_IT|GCC34|64BIT|hpux/gcc34_it_64bit/libmdRightFielder.sl
libmdRightFielder.so|BINARY|LINUX|GCC32|32BIT|linux/gcc32_32bit/libmdRightFielder.so
libmdRightFielder.so|BINARY|LINUX|GCC34|32BIT|linux/gcc34_32bit/libmdRightFielder.so
libmdRightFielder.so|BINARY|LINUX|GCC34|64BIT|linux/gcc34_64bit/libmdRightFielder.so
libmdRightFielder.so|BINARY|LINUX|GCC41|32BIT|linux/gcc41_32bit/libmdRightFielder.so
libmdRightFielder.so|BINARY|LINUX|GCC41|64BIT|linux/gcc41_64bit/libmdRightFielder.so
libmdRightFielder.so|BINARY|SOLARIS|WS12|64BIT|solaris/ws12_64bit/libmdRightFielder.so
libmdRightFielder.so|BINARY|SOLARIS|WS6|32BIT|solaris/ws6_32bit/libmdRightFielder.so
libmdRightFielder.so|BINARY|SOLARIS|WS6|64BIT|solaris/ws6_64bit/libmdRightFielder.so
RightFielderObj.dll|BINARY|WINDOWS|COM|32BIT|windows/com_32bit/RightFielderObj.dll
RightFielderObj.dll|BINARY|WINDOWS|COM|64BIT|windows/com_64bit/RightFielderObj.dll
mdRightFielder.dll|BINARY|WINDOWS|DLL|32BIT|windows/dll_32bit/mdRightFielder.dll
mdRightFielder.dll|BINARY|WINDOWS|DLL|64BIT|windows/dll_64bit/mdRightFielder.dll
mdRightFielder.cfg|DATA|ANY|ANY|ANY|data/mdRightFielder.cfg
mdRightFielder.dat|DATA|ANY|ANY|ANY|data/mdRightFielder.dat
mdRightFielder.h|INTERFACE|ANY|C|ANY|linux/gcc32_32bit/mdRightFielder.h
mdRightFielderEnums.h|INTERFACE|ANY|C|ANY|hpux/gcc34_it_32bit/mdRightFielderEnums.h
mdRightFielder.java|INTERFACE|ANY|JAVA|ANY|linux/interfaces/java/com/melissadata/mdRightFielder.java
mdRightFielderJavaWrapper.cpp|INTERFACE|ANY|JAVA|ANY|linux/interfaces/java/mdRightFielderJavaWrapper.cpp
mdRightFielderJavaWrapperJNI.java|INTERFACE|ANY|JaVA|ANY|linux/interfaces/java/com/melissadata/mdRightFielderJavaWrapperJNI.java
mdRightFielderPerlWrapper.cpp|INTERFACE|ANY|PERL|ANY|linux/interfaces/perl/mdRightFielderPerlWrapper.cpp
mdRightFielderPerlWrapper.pm|INTERFACE|ANY|PERL|ANY|linux/interfaces/perl/mdRightFielderPerlWrapper.pm
mdRightFielderPHPWrapper.cpp|INTERFACE|ANY|PHP|ANY|linux/interfaces/php/mdRightFielderPHPWrapper.cpp
mdRightFielderPHPWrapper.php|INTERFACE|ANY|PHP|ANY|linux/interfaces/php/mdRightFielderPHPWrapper.php
php_mdRightFielderPHPWrapper.h|INTERFACE|ANY|PHP|ANY|linux/interfaces/php/php_mdRightFielderPHPWrapper.h
mdRightFielderPHP7Wrapper.cpp|INTERFACE|ANY|PHP7|ANY|linux/interfaces/php7/mdRightFielderPHP7Wrapper.cpp
mdRightFielderPHP7Wrapper.php|INTERFACE|ANY|PHP7|ANY|linux/interfaces/php7/mdRightFielderPHP7Wrapper.php
php_mdRightFielderPHP7Wrapper.h|INTERFACE|ANY|PHP7|ANY|linux/interfaces/php7/php_mdRightFielderPHP7Wrapper.h
mdRightFielderPythonWrapper.cpp|INTERFACE|ANY|PYTHON|ANY|linux/interfaces/python/mdRightFielderPythonWrapper.cpp
mdRightFielderPythonWrapper.py|INTERFACE|ANY|PYTHON|ANY|linux/interfaces/python/mdRightFielderPythonWrapper.py
mdRightFielderRubyWrapper.cpp|INTERFACE|ANY|RUBY|ANY|linux/interfaces/ruby/mdRightFielderRubyWrapper.cpp
mdRightFielder.lib|INTERFACE|WINDOWS|C|32BIt|windows/dll_32bit/mdRightFielder.lib
mdRightFielder.lib|INTERFACE|WINDOWS|C|64BIT|windows/dll_64bit/mdRightFielder.lib
mdRightFielderJavaWrapper.dll|INTERFACE|WINDOWS|JAVA|32BIT|windows/interfaces/java/mdRightFielderJavaWrapper.dll
mdRightFielderJavaWrapper.dll|INTERFACE|WINDOWS|JAVA|64BIT|windows/interfaces/java/x64/mdRightFielderJavaWrapper.dll
RightFielderSQL.dll|INTERFACE|WINDOWS|MSSQL|ANY|windows/samples/SQLCLR/RightFielderSQL.dll
mdRightFielder_cSharpCode.cs|INTERFACE|WINDOWS|NET|ANY|windows/interfaces/net/Source/mdRightFielder_cSharpCode.cs
mdRightFielderNET.dll|INTERFACE|WINDOWS|NET|ANY|windows/interfaces/net/x64/mdRightFielderNET.dll
mdRightFielderPerlWrapper.dll|INTERFACE|WINDOWS|PERL|32BIT|windows/interfaces/perl/mdRightFielderPerlWrapper.dll
mdRightFielderPerlWrapper.dll|INTERFACE|WINDOWS|PERL|64BIT|windows/interfaces/perl/x64/mdRightFielderPerlWrapper.dll
php_mdRightFielderPHPWrapper.dll|INTERFACE|WINDOWS|PHP|32BIT|windows/interfaces/php/php_mdRightFielderPHPWrapper.dll
php_mdRightFielderPHP7Wrapper.dll|INTERFACE|WINDOWS|PHP7|64BIT|windows/interfaces/php7/php_mdRightFielderPHP7Wrapper.dll
_mdRightFielderPythonWrapper.pyd|INTERFACE|WINDOWS|PYTHON|32BIT|windows/interfaces/python/_mdRightFielderPythonWrapper.pyd
_mdRightFielderPythonWrapper.pyd|INTERFACE|WINDOWS|PYTHON|64BIT|windows/interfaces/python/x64/_mdRightFielderPythonWrapper.pyd
mdRightFielderRubyWrapper.dll|INTERFACE|WINDOWS|RUBY|32BIT|windows/interfaces/ruby/mdRightFielderRubyWrapper.dll