_mdRightFielderPythonWrapper.pyd|INTERFACE|WINDOWS|PYTHON|64BIT|rf_dvd/interfaces/windows/python/64bit/_mdRightFielderPythonWrapper.pyd
_mdRightFielderPythonWrapper.pyd|INTERFACE|WINDOWS|PYTHON|32BIT|rf_dvd/interfaces/windows/python/32bit/_mdRightFielderPythonWrapper.pyd
libmdRightFielder.sl|BINARY|HPUX_IT|GCC34|64BIT|rf_dvd/hpux_it/gcc34/64bit/libmdRightFielder.sl
libmdRightFielder.sl|BINARY|HPUX_IT|ACC3|64BIT|rf_dvd/hpux_it/acc3/64bit/libmdRightFielder.sl
libmdRightFielder.sl|BINARY|HPUX_IT|GCC34|32BIT|rf_dvd/hpux_it/gcc34/32bit/libmdRightFielder.sl
libmdRightFielder.sl|BINARY|HPUX_IT|ACC3|32BIT|rf_dvd/hpux_it/acc3/32bit/libmdRightFielder.sl
libmdRightFielder.so|BINARY|SOLARIS|WS6|32BIT|rf_dvd/solaris/ws6/32bit/libmdRightFielder.so
libmdRightFielder.so|BINARY|LINUX|GCC41|64BIT|rf_dvd/linux/gcc41/64bit/libmdRightFielder.so
libmdRightFielder.so|BINARY|LINUX|GCC34|64BIT|rf_dvd/linux/gcc34/64bit/libmdRightFielder.so
libmdRightFielder.so|BINARY|SOLARIS|WS6|64BIT|rf_dvd/solaris/ws6/64bit/libmdRightFielder.so
libmdRightFielder.so|BINARY|LINUX|GCC32|32BIT|rf_dvd/linux/gcc32/32bit/libmdRightFielder.so
libmdRightFielder.so|BINARY|SOLARIS|WS12|64BIT|rf_dvd/solaris/ws12/64bit/libmdRightFielder.so
libmdRightFielder.so|BINARY|LINUX|GCC41|32BIT|rf_dvd/linux/gcc41/32bit/libmdRightFielder.so
libmdRightFielder.so|BINARY|LINUX|GCC34|32BIT|rf_dvd/linux/gcc34/32bit/libmdRightFielder.so
mdRightFielder_cSharpCode.cs|INTERFACE|ANY|NET|ANY|rf_dvd/interfaces/net/mdRightFielder_cSharpCode.cs
mdRightFielder.cfg|DATA|ANY|ANY|ANY|rf_dvd/data/mdRightFielder.cfg
mdRightFielder.dat|DATA|ANY|ANY|ANY|rf_dvd/data/mdRightFielder.dat
mdRightFielder.dll|BINARY|WINDOWS|DLL|64BIT|rf_dvd/windows/dll/64bit/mdRightFielder.dll
mdRightFielder.dll|BINARY|WINDOWS|DLL|32BIT|rf_dvd/windows/dll/32bit/mdRightFielder.dll
mdRightFielder.h|INTERFACE|ANY|C|ANY|rf_dvd/interfaces/c/mdRightFielder.h
mdRightFielder.java|INTERFACE|ANY|JAVA|ANY|rf_dvd/interfaces/java/mdRightFielder.java
mdRightFielder.lib|INTERFACE|WINDOWS|C|64BIT|rf_dvd/interfaces/windows/c/64bit/mdRightFielder.lib
mdRightFielder.lib|INTERFACE|WINDOWS|C|32BIT|rf_dvd/interfaces/windows/c/32bit/mdRightFielder.lib
mdRightFielderEnums.h|INTERFACE|ANY|C|ANY|rf_dvd/interfaces/c/mdRightFielderEnums.h
mdRightFielderJavaWrapper.cpp|INTERFACE|ANY|JAVA|ANY|rf_dvd/interfaces/java/mdRightFielderJavaWrapper.cpp
mdRightFielderJavaWrapper.dll|INTERFACE|WINDOWS|JAVA|32BIT|rf_dvd/interfaces/windows/java/32bit/mdRightFielderJavaWrapper.dll
mdRightFielderJavaWrapper.dll|INTERFACE|WINDOWS|JAVA|64BIT|rf_dvd/interfaces/windows/java/64bit/mdRightFielderJavaWrapper.dll
mdRightFielderJavaWrapperJNI.java|INTERFACE|ANY|JAVA|ANY|rf_dvd/interfaces/java/mdRightFielderJavaWrapperJNI.java
mdRightFielderNET.dll|INTERFACE|WINDOWS|NET|ANY|rf_dvd/interfaces/windows/net/mdRightFielderNET.dll
mdRightFielderPerlWrapper.cpp|INTERFACE|ANY|PERL|ANY|rf_dvd/interfaces/perl/mdRightFielderPerlWrapper.cpp
mdRightFielderPerlWrapper.dll|INTERFACE|WINDOWS|PERL|64BIT|rf_dvd/interfaces/windows/perl/64bit/mdRightFielderPerlWrapper.dll
mdRightFielderPerlWrapper.dll|INTERFACE|WINDOWS|PERL|32BIT|rf_dvd/interfaces/windows/perl/32bit/mdRightFielderPerlWrapper.dll
mdRightFielderPerlWrapper.pm|INTERFACE|ANY|PERL|ANY|rf_dvd/interfaces/perl/mdRightFielderPerlWrapper.pm
mdRightFielderPHP7Wrapper.cpp|INTERFACE|ANY|PHP7|ANY|rf_dvd/interfaces/php7/mdRightFielderPHP7Wrapper.cpp
mdRightFielderPHP7Wrapper.php|INTERFACE|ANY|PHP7|ANY|rf_dvd/interfaces/php7/mdRightFielderPHP7Wrapper.php
mdRightFielderPHPWrapper.cpp|INTERFACE|ANY|PHP|ANY|rf_dvd/interfaces/php/mdRightFielderPHPWrapper.cpp
mdRightFielderPHPWrapper.php|INTERFACE|ANY|PHP|ANY|rf_dvd/interfaces/php/mdRightFielderPHPWrapper.php
mdRightFielderPythonWrapper.cpp|INTERFACE|ANY|PYTHON|ANY|rf_dvd/interfaces/python/mdRightFielderPythonWrapper.cpp
mdRightFielderPythonWrapper.py|INTERFACE|ANY|PYTHON|ANY|rf_dvd/interfaces/python/mdRightFielderPythonWrapper.py
mdRightFielderRubyWrapper.cpp|INTERFACE|ANY|RUBY|ANY|rf_dvd/interfaces/ruby/mdRightFielderRubyWrapper.cpp
mdRightFielderRubyWrapper.dll|INTERFACE|WINDOWS|RUBY|32BIT|rf_dvd/interfaces/windows/ruby/32bit/mdRightFielderRubyWrapper.dll
php_mdRightFielderPHP7Wrapper.dll|INTERFACE|WINDOWS|PHP7|64BIT|rf_dvd/interfaces/windows/php7/64bit/php_mdRightFielderPHP7Wrapper.dll
php_mdRightFielderPHP7Wrapper.h|INTERFACE|ANY|PHP7|ANY|rf_dvd/interfaces/php7/php_mdRightFielderPHP7Wrapper.h
php_mdRightFielderPHPWrapper.dll|INTERFACE|WINDOWS|PHP|32BIT|rf_dvd/interfaces/windows/php/32bit/php_mdRightFielderPHPWrapper.dll
php_mdRightFielderPHPWrapper.h|INTERFACE|ANY|PHP|ANY|rf_dvd/interfaces/php/php_mdRightFielderPHPWrapper.h
RightFielderObj.dll|BINARY|WINDOWS|COM|32BIT|rf_dvd/windows/com/32bit/RightFielderObj.dll
RightFielderObj.dll|BINARY|WINDOWS|COM|64BIT|rf_dvd/windows/com/64bit/RightFielderObj.dll
RightFielderSQL.dll|INTERFACE|WINDOWS|MSSQL|ANY|rf_dvd/interfaces/windows/mssql/RightFielderSQL.dll
