Congress.csv|DATA|ANY|ANY|ANY|ssis_dvd/data/Congress.csv
dph256.hsp|DATA|ANY|ANY|ANY|ssis_dvd/data/dph256.hsp
dph256.hsr|DATA|ANY|ANY|ANY|ssis_dvd/data/dph256.hsr
dph256.hst|DATA|ANY|ANY|ANY|ssis_dvd/data/dph256.hst
dph256.hsu|DATA|ANY|ANY|ANY|ssis_dvd/data/dph256.hsu
dph256.hsy|DATA|ANY|ANY|ANY|ssis_dvd/data/dph256.hsy
dph256.hsz|DATA|ANY|ANY|ANY|ssis_dvd/data/dph256.hsz
mdAddr.dll|BINARY|WINDOWS|DLL|32BIT|ssis_dvd/windows/dll/32bit/mdAddr.dll
mdAddr.dll|BINARY|WINDOWS|DLL|64BIT|ssis_dvd/windows/dll/64bit/mdAddr.dll
mdBusinessCoder.dll|BINARY|WINDOWS|SSIS2019|ANY|ssis_dvd/windows/ssis2019/mdBusinessCoder.dll
mdBusinessCoder.dll|BINARY|WINDOWS|SSIS2012|ANY|ssis_dvd/windows/ssis2012/mdBusinessCoder.dll
mdBusinessCoder.dll|BINARY|WINDOWS|SSIS2014|ANY|ssis_dvd/windows/ssis2014/mdBusinessCoder.dll
mdBusinessCoder.dll|BINARY|WINDOWS|SSIS2016|ANY|ssis_dvd/windows/ssis2016/mdBusinessCoder.dll
mdBusinessCoder.dll|BINARY|WINDOWS|SSIS2022|ANY|ssis_dvd/windows/ssis2022/mdBusinessCoder.dll
mdBusinessCoder.dll|BINARY|WINDOWS|SSIS2017|ANY|ssis_dvd/windows/ssis2017/mdBusinessCoder.dll
mdCleanserComponent.dll|BINARY|WINDOWS|SSIS2017|ANY|ssis_dvd/windows/ssis2017/mdCleanserComponent.dll
mdCleanserComponent.dll|BINARY|WINDOWS|SSIS2012|ANY|ssis_dvd/windows/ssis2012/mdCleanserComponent.dll
mdCleanserComponent.dll|BINARY|WINDOWS|SSIS2016|ANY|ssis_dvd/windows/ssis2016/mdCleanserComponent.dll
mdCleanserComponent.dll|BINARY|WINDOWS|SSIS2019|ANY|ssis_dvd/windows/ssis2019/mdCleanserComponent.dll
mdCleanserComponent.dll|BINARY|WINDOWS|SSIS2014|ANY|ssis_dvd/windows/ssis2014/mdCleanserComponent.dll
mdCleanserComponent.dll|BINARY|WINDOWS|SSIS2022|ANY|ssis_dvd/windows/ssis2022/mdCleanserComponent.dll
mdELOT.dat|DATA|ANY|ANY|ANY|ssis_dvd/data/mdELOT.dat
mdEmail.cfg|DATA|ANY|ANY|ANY|ssis_dvd/data/mdEmail.cfg
mdEmail.db3|DATA|ANY|ANY|ANY|ssis_dvd/data/mdEmail.db3
mdEVC.dll|BINARY|WINDOWS|SSIS2005|ANY|ssis_dvd/windows/ssis2005/mdEVC.dll
mdEVC.dll|BINARY|WINDOWS|SSIS2008|ANY|ssis_dvd/windows/ssis2008/mdEVC.dll
mdEVC.dll|BINARY|WINDOWS|SSIS2019|ANY|ssis_dvd/windows/ssis2019/mdEVC.dll
mdEVC.dll|BINARY|WINDOWS|SSIS2016|ANY|ssis_dvd/windows/ssis2016/mdEVC.dll
mdEVC.dll|BINARY|WINDOWS|SSIS2017|ANY|ssis_dvd/windows/ssis2017/mdEVC.dll
mdEVC.dll|BINARY|WINDOWS|SSIS2014|ANY|ssis_dvd/windows/ssis2014/mdEVC.dll
mdEVC.dll|BINARY|WINDOWS|SSIS2022|ANY|ssis_dvd/windows/ssis2022/mdEVC.dll
mdEVC.dll|BINARY|WINDOWS|SSIS2012|ANY|ssis_dvd/windows/ssis2012/mdEVC.dll
mdFuzzyMatching.dll|BINARY|WINDOWS|SSIS2005|ANY|ssis_dvd/windows/ssis2005/mdFuzzyMatching.dll
mdFuzzyMatching.dll|BINARY|WINDOWS|SSIS2008|ANY|ssis_dvd/windows/ssis2008/mdFuzzyMatching.dll
mdFuzzyMatching.dll|BINARY|WINDOWS|SSIS2016|ANY|ssis_dvd/windows/ssis2016/mdFuzzyMatching.dll
mdFuzzyMatching.dll|BINARY|WINDOWS|SSIS2019|ANY|ssis_dvd/windows/ssis2019/mdFuzzyMatching.dll
mdFuzzyMatching.dll|BINARY|WINDOWS|SSIS2012|ANY|ssis_dvd/windows/ssis2012/mdFuzzyMatching.dll
mdFuzzyMatching.dll|BINARY|WINDOWS|SSIS2014|ANY|ssis_dvd/windows/ssis2014/mdFuzzyMatching.dll
mdFuzzyMatching.dll|BINARY|WINDOWS|SSIS2017|ANY|ssis_dvd/windows/ssis2017/mdFuzzyMatching.dll
mdFuzzyMatching.dll|BINARY|WINDOWS|SSIS2022|ANY|ssis_dvd/windows/ssis2022/mdFuzzyMatching.dll
mdGeo.dll|BINARY|WINDOWS|DLL|32BIT|ssis_dvd/windows/dll/32bit/mdGeo.dll
mdGeo.dll|BINARY|WINDOWS|DLL|64BIT|ssis_dvd/windows/dll/64bit/mdGeo.dll
mdGeoCode.db3|DATA|ANY|ANY|ANY|ssis_dvd/data/mdGeoCode.db3
mdGlobalParse.dll|BINARY|WINDOWS|DLL|32BIT|ssis_dvd/windows/dll/32bit/mdGlobalParse.dll
mdGlobalParse.dll|BINARY|WINDOWS|DLL|64BIT|ssis_dvd/windows/dll/64bit/mdGlobalParse.dll
mdGlobalPersonator.dll|BINARY|WINDOWS|SSIS2012|ANY|ssis_dvd/windows/ssis2012/mdGlobalPersonator.dll
mdGlobalPersonator.dll|BINARY|WINDOWS|SSIS2014|ANY|ssis_dvd/windows/ssis2014/mdGlobalPersonator.dll
mdGlobalPersonator.dll|BINARY|WINDOWS|SSIS2019|ANY|ssis_dvd/windows/ssis2019/mdGlobalPersonator.dll
mdGlobalPersonator.dll|BINARY|WINDOWS|SSIS2022|ANY|ssis_dvd/windows/ssis2022/mdGlobalPersonator.dll
mdGlobalPersonator.dll|BINARY|WINDOWS|SSIS2016|ANY|ssis_dvd/windows/ssis2016/mdGlobalPersonator.dll
mdGlobalPersonator.dll|BINARY|WINDOWS|SSIS2017|ANY|ssis_dvd/windows/ssis2017/mdGlobalPersonator.dll
mdGlobalPhone.dat|DATA|ANY|ANY|ANY|ssis_dvd/data/mdGlobalPhone.dat
mdGlobalVerify.dll|BINARY|WINDOWS|SSIS2005|ANY|ssis_dvd/windows/ssis2005/mdGlobalVerify.dll
mdGlobalVerify.dll|BINARY|WINDOWS|SSIS2008|ANY|ssis_dvd/windows/ssis2008/mdGlobalVerify.dll
mdGlobalVerify.dll|BINARY|WINDOWS|SSIS2014|ANY|ssis_dvd/windows/ssis2014/mdGlobalVerify.dll
mdGlobalVerify.dll|BINARY|WINDOWS|SSIS2022|ANY|ssis_dvd/windows/ssis2022/mdGlobalVerify.dll
mdGlobalVerify.dll|BINARY|WINDOWS|SSIS2012|ANY|ssis_dvd/windows/ssis2012/mdGlobalVerify.dll
mdGlobalVerify.dll|BINARY|WINDOWS|SSIS2016|ANY|ssis_dvd/windows/ssis2016/mdGlobalVerify.dll
mdGlobalVerify.dll|BINARY|WINDOWS|SSIS2019|ANY|ssis_dvd/windows/ssis2019/mdGlobalVerify.dll
mdGlobalVerify.dll|BINARY|WINDOWS|SSIS2017|ANY|ssis_dvd/windows/ssis2017/mdGlobalVerify.dll
mdIPLocatorComponent.dll|BINARY|WINDOWS|SSIS2005|ANY|ssis_dvd/windows/ssis2005/mdIPLocatorComponent.dll
mdIPLocatorComponent.dll|BINARY|WINDOWS|SSIS2008|ANY|ssis_dvd/windows/ssis2008/mdIPLocatorComponent.dll
mdIPLocatorComponent.dll|BINARY|WINDOWS|SSIS2019|ANY|ssis_dvd/windows/ssis2019/mdIPLocatorComponent.dll
mdIPLocatorComponent.dll|BINARY|WINDOWS|SSIS2014|ANY|ssis_dvd/windows/ssis2014/mdIPLocatorComponent.dll
mdIPLocatorComponent.dll|BINARY|WINDOWS|SSIS2016|ANY|ssis_dvd/windows/ssis2016/mdIPLocatorComponent.dll
mdIPLocatorComponent.dll|BINARY|WINDOWS|SSIS2012|ANY|ssis_dvd/windows/ssis2012/mdIPLocatorComponent.dll
mdIPLocatorComponent.dll|BINARY|WINDOWS|SSIS2022|ANY|ssis_dvd/windows/ssis2022/mdIPLocatorComponent.dll
mdIPLocatorComponent.dll|BINARY|WINDOWS|SSIS2017|ANY|ssis_dvd/windows/ssis2017/mdIPLocatorComponent.dll
mdLicense.dll|BINARY|WINDOWS|DLL|32BIT|ssis_dvd/windows/dll/32bit/mdLicense.dll
mdLicense.dll|BINARY|WINDOWS|DLL|64BIT|ssis_dvd/windows/dll/64bit/mdLicense.dll
mdMatchUp.dll|BINARY|WINDOWS|DLL|32BIT|ssis_dvd/windows/dll/32bit/mdMatchUp.dll
mdMatchup.sac|DATA|ANY|ANY|ANY|ssis_dvd/data/mdMatchup.sac
mdMatchUPComponent.dll|BINARY|WINDOWS|SSIS2005|ANY|ssis_dvd/windows/ssis2005/mdMatchUPComponent.dll
mdMatchUPComponent.dll|BINARY|WINDOWS|SSIS2008|ANY|ssis_dvd/windows/ssis2008/mdMatchUPComponent.dll
mdMatchUPComponent.dll|BINARY|WINDOWS|SSIS2014|ANY|ssis_dvd/windows/ssis2014/mdMatchUPComponent.dll
mdMatchUPComponent.dll|BINARY|WINDOWS|SSIS2019|ANY|ssis_dvd/windows/ssis2019/mdMatchUPComponent.dll
mdMatchUPComponent.dll|BINARY|WINDOWS|SSIS2012|ANY|ssis_dvd/windows/ssis2012/mdMatchUPComponent.dll
mdMatchUPComponent.dll|BINARY|WINDOWS|SSIS2022|ANY|ssis_dvd/windows/ssis2022/mdMatchUPComponent.dll
mdMatchUPComponent.dll|BINARY|WINDOWS|SSIS2016|ANY|ssis_dvd/windows/ssis2016/mdMatchUPComponent.dll
mdMatchUPComponent.dll|BINARY|WINDOWS|SSIS2017|ANY|ssis_dvd/windows/ssis2017/mdMatchUPComponent.dll
mdName.cfg|DATA|ANY|ANY|ANY|ssis_dvd/data/mdName.cfg
mdName.dat|DATA|ANY|ANY|ANY|ssis_dvd/data/mdName.dat
mdName.dll|BINARY|WINDOWS|DLL|32BIT|ssis_dvd/windows/dll/32bit/mdName.dll
mdName.dll|BINARY|WINDOWS|DLL|64BIT|ssis_dvd/windows/dll/64bit/mdName.dll
mdPersonator.dll|BINARY|WINDOWS|SSIS2005|ANY|ssis_dvd/windows/ssis2005/mdPersonator.dll
mdPersonator.dll|BINARY|WINDOWS|SSIS2008|ANY|ssis_dvd/windows/ssis2008/mdPersonator.dll
mdPersonator.dll|BINARY|WINDOWS|SSIS2012|ANY|ssis_dvd/windows/ssis2012/mdPersonator.dll
mdPersonator.dll|BINARY|WINDOWS|SSIS2017|ANY|ssis_dvd/windows/ssis2017/mdPersonator.dll
mdPersonator.dll|BINARY|WINDOWS|SSIS2022|ANY|ssis_dvd/windows/ssis2022/mdPersonator.dll
mdPersonator.dll|BINARY|WINDOWS|SSIS2019|ANY|ssis_dvd/windows/ssis2019/mdPersonator.dll
mdPersonator.dll|BINARY|WINDOWS|SSIS2014|ANY|ssis_dvd/windows/ssis2014/mdPersonator.dll
mdPersonator.dll|BINARY|WINDOWS|SSIS2016|ANY|ssis_dvd/windows/ssis2016/mdPersonator.dll
mdPhone.dat|DATA|ANY|ANY|ANY|ssis_dvd/data/mdPhone.dat
mdPhone.dll|BINARY|WINDOWS|DLL|64BIT|ssis_dvd/windows/dll/64bit/mdPhone.dll
mdPhone.dll|BINARY|WINDOWS|DLL|32BIT|ssis_dvd/windows/dll/32bit/mdPhone.dll
mdPhone.idx|DATA|ANY|ANY|ANY|ssis_dvd/data/mdPhone.idx
mdProfiler.dll|BINARY|WINDOWS|DLL|32BIT|ssis_dvd/windows/dll/32bit/mdProfiler.dll
mdProfilerComponent.dll|BINARY|WINDOWS|SSIS2008|ANY|ssis_dvd/windows/ssis2008/mdProfilerComponent.dll
mdProfilerComponent.dll|BINARY|WINDOWS|SSIS2022|ANY|ssis_dvd/windows/ssis2022/mdProfilerComponent.dll
mdProfilerComponent.dll|BINARY|WINDOWS|SSIS2014|ANY|ssis_dvd/windows/ssis2014/mdProfilerComponent.dll
mdProfilerComponent.dll|BINARY|WINDOWS|SSIS2012|ANY|ssis_dvd/windows/ssis2012/mdProfilerComponent.dll
mdProfilerComponent.dll|BINARY|WINDOWS|SSIS2019|ANY|ssis_dvd/windows/ssis2019/mdProfilerComponent.dll
mdProfilerComponent.dll|BINARY|WINDOWS|SSIS2016|ANY|ssis_dvd/windows/ssis2016/mdProfilerComponent.dll
mdProfilerComponent.dll|BINARY|WINDOWS|SSIS2017|ANY|ssis_dvd/windows/ssis2017/mdProfilerComponent.dll
mdPropertyComponent.dll|BINARY|WINDOWS|SSIS2008|ANY|ssis_dvd/windows/ssis2008/mdPropertyComponent.dll
mdPropertyComponent.dll|BINARY|WINDOWS|SSIS2014|ANY|ssis_dvd/windows/ssis2014/mdPropertyComponent.dll
mdPropertyComponent.dll|BINARY|WINDOWS|SSIS2019|ANY|ssis_dvd/windows/ssis2019/mdPropertyComponent.dll
mdPropertyComponent.dll|BINARY|WINDOWS|SSIS2017|ANY|ssis_dvd/windows/ssis2017/mdPropertyComponent.dll
mdPropertyComponent.dll|BINARY|WINDOWS|SSIS2016|ANY|ssis_dvd/windows/ssis2016/mdPropertyComponent.dll
mdPropertyComponent.dll|BINARY|WINDOWS|SSIS2022|ANY|ssis_dvd/windows/ssis2022/mdPropertyComponent.dll
mdPropertyComponent.dll|BINARY|WINDOWS|SSIS2012|ANY|ssis_dvd/windows/ssis2012/mdPropertyComponent.dll
mdRBDI.dat|DATA|ANY|ANY|ANY|ssis_dvd/data/mdRBDI.dat
mdRightFielder.cfg|DATA|ANY|ANY|ANY|ssis_dvd/data/mdRightFielder.cfg
mdRightFielder.dat|DATA|ANY|ANY|ANY|ssis_dvd/data/mdRightFielder.dat
mdRightFielder.dll|BINARY|WINDOWS|DLL|32BIT|ssis_dvd/windows/dll/32bit/mdRightFielder.dll
mdRightFielder.dll|BINARY|WINDOWS|DLL|64BIT|ssis_dvd/windows/dll/64bit/mdRightFielder.dll
mdSmartMover.dll|BINARY|WINDOWS|SSIS2005|ANY|ssis_dvd/windows/ssis2005/mdSmartMover.dll
mdSmartMover.dll|BINARY|WINDOWS|SSIS2008|ANY|ssis_dvd/windows/ssis2008/mdSmartMover.dll
mdSmartMover.dll|BINARY|WINDOWS|SSIS2016|ANY|ssis_dvd/windows/ssis2016/mdSmartMover.dll
mdSmartMover.dll|BINARY|WINDOWS|SSIS2019|ANY|ssis_dvd/windows/ssis2019/mdSmartMover.dll
mdSmartMover.dll|BINARY|WINDOWS|SSIS2014|ANY|ssis_dvd/windows/ssis2014/mdSmartMover.dll
mdSmartMover.dll|BINARY|WINDOWS|SSIS2012|ANY|ssis_dvd/windows/ssis2012/mdSmartMover.dll
mdSmartMover.dll|BINARY|WINDOWS|SSIS2022|ANY|ssis_dvd/windows/ssis2022/mdSmartMover.dll
mdSmartMover.dll|BINARY|WINDOWS|SSIS2017|ANY|ssis_dvd/windows/ssis2017/mdSmartMover.dll
mdSuiteFinder.db|DATA|ANY|ANY|ANY|ssis_dvd/data/mdSuiteFinder.db
