mdAddr.dll|BINARY|WINDOWS|DLL|32BIT|address\windows\dll_32bit\mdAddr.dll
mdGeo.dll|BINARY|WINDOWS|DLL|32BIT|windows\dll_32bit\mdGeo.dll
mdLicense.dll|BINARY|WINDOWS|DLL|32BIT|32_bit\mdLicense.dll
mdMatchUp.dll|BINARY|WINDOWS|DLL|32BIT|32_bit\mdMatchUp.dll
mdName.dll|BINARY|WINDOWS|DLL|32BIT|name\windows\dll_32bit\mdName.dll
mdPhone.dll|BINARY|WINDOWS|DLL|32BIT|phone\windows\dll_32bit\mdPhone.dll
mdProfiler.dll|BINARY|WINDOWS|DLL|32BIT|32_bit\mdProfiler.dll
mdRightFielder.dll|BINARY|WINDOWS|DLL|32BIT|windows\dll_32bit\mdRightFielder.dll
mdAddr.dll|BINARY|WINDOWS|DLL|64BIT|address\windows\dll_64bit\mdAddr.dll
mdGeo.dll|BINARY|WINDOWS|DLL|64BIT|windows\dll_64bit\mdGeo.dll
mdLicense.dll|BINARY|WINDOWS|DLL|64BIT|64_bit\mdLicense.dll
mdMatchUp.dll|BINARY|WINDOWS|DLL|64BIT|windows\dll_64bit\mdMatchUp.dll
mdName.dll|BINARY|WINDOWS|DLL|64BIT|name\windows\dll_64bit\mdName.dll
mdPhone.dll|BINARY|WINDOWS|DLL|64BIT|phone\windows\dll_64bit\mdPhone.dll
mdRightFielder.dll|BINARY|WINDOWS|DLL|64BIT|windows\dll_64bit\mdRightFielder.dll
mdEVC.dll|BINARY|WINDOWS|SSIS2005|ANY|SSIS_2005\mdEVC.dll
mdFuzzyMatching.dll|BINARY|WINDOWS|SSIS2005|ANY|SSIS_2005\mdFuzzyMatching.dll
mdGlobalVerify.dll|BINARY|WINDOWS|SSIS2005|ANY|SSIS_2005\mdGlobalVerify.dll
mdIPLocatorComponent.dll|BINARY|WINDOWS|SSIS2005|ANY|SSIS_2005\mdIPLocatorComponent.dll
mdMatchUPComponent.dll|BINARY|WINDOWS|SSIS2005|ANY|SSIS_2005\mdMatchUPComponent.dll
mdPersonator.dll|BINARY|WINDOWS|SSIS2005|ANY|SSIS_2005\mdPersonator.dll
mdSmartMover.dll|BINARY|WINDOWS|SSIS2005|ANY|SSIS_2005\mdSmartMover.dll
mdEVC.dll|BINARY|WINDOWS|SSIS2008|ANY|SSIS_2008\mdEVC.dll
mdFuzzyMatching.dll|BINARY|WINDOWS|SSIS2008|ANY|SSIS_2008\mdFuzzyMatching.dll
mdGlobalVerify.dll|BINARY|WINDOWS|SSIS2008|ANY|SSIS_2008\mdGlobalVerify.dll
mdIPLocatorComponent.dll|BINARY|WINDOWS|SSIS2008|ANY|SSIS_2008\mdIPLocatorComponent.dll
mdMatchUPComponent.dll|BINARY|WINDOWS|SSIS2008|ANY|SSIS_2008\mdMatchUPComponent.dll
mdPersonator.dll|BINARY|WINDOWS|SSIS2008|ANY|SSIS_2008\mdPersonator.dll
mdProfilerComponent.dll|BINARY|WINDOWS|SSIS2008|ANY|SSIS_2008\mdProfilerComponent.dll
mdPropertyComponent.dll|BINARY|WINDOWS|SSIS2008|ANY|SSIS_2008\mdPropertyComponent.dll
mdSmartMover.dll|BINARY|WINDOWS|SSIS2008|ANY|SSIS_2008\mdSmartMover.dll
mdBusinessCoder.dll|BINARY|WINDOWS|SSIS2012|ANY|SSIS_2012\mdBusinessCoder.dll
mdCleanserComponent.dll|BINARY|WINDOWS|SSIS2012|ANY|SSIS_2012\mdCleanserComponent.dll
mdEVC.dll|BINARY|WINDOWS|SSIS2012|ANY|SSIS_2012\mdEVC.dll
mdFuzzyMatching.dll|BINARY|WINDOWS|SSIS2012|ANY|SSIS_2012\mdFuzzyMatching.dll
mdGlobalPersonator.dll|BINARY|WINDOWS|SSIS2012|ANY|SSIS_2012\mdGlobalPersonator.dll
mdGlobalVerify.dll|BINARY|WINDOWS|SSIS2012|ANY|SSIS_2012\mdGlobalVerify.dll
mdIPLocatorComponent.dll|BINARY|WINDOWS|SSIS2012|ANY|SSIS_2012\mdIPLocatorComponent.dll
mdMatchUPComponent.dll|BINARY|WINDOWS|SSIS2012|ANY|SSIS_2012\mdMatchUPComponent.dll
mdPersonator.dll|BINARY|WINDOWS|SSIS2012|ANY|SSIS_2012\mdPersonator.dll
mdProfilerComponent.dll|BINARY|WINDOWS|SSIS2012|ANY|SSIS_2012\mdProfilerComponent.dll
mdPropertyComponent.dll|BINARY|WINDOWS|SSIS2012|ANY|SSIS_2012\mdPropertyComponent.dll
mdSmartMover.dll|BINARY|WINDOWS|SSIS2012|ANY|SSIS_2012\mdSmartMover.dll
mdBusinessCoder.dll|BINARY|WINDOWS|SSIS2014|ANY|SSIS_2014\mdBusinessCoder.dll
mdCleanserComponent.dll|BINARY|WINDOWS|SSIS2014|ANY|SSIS_2014\mdCleanserComponent.dll
mdEVC.dll|BINARY|WINDOWS|SSIS2014|ANY|SSIS_2014\mdEVC.dll
mdFuzzyMatching.dll|BINARY|WINDOWS|SSIS2014|ANY|SSIS_2014\mdFuzzyMatching.dll
mdGlobalPersonator.dll|BINARY|WINDOWS|SSIS2014|ANY|SSIS_2014\mdGlobalPersonator.dll
mdGlobalVerify.dll|BINARY|WINDOWS|SSIS2014|ANY|SSIS_2014\mdGlobalVerify.dll
mdIPLocatorComponent.dll|BINARY|WINDOWS|SSIS2014|ANY|SSIS_2014\mdIPLocatorComponent.dll
mdMatchUPComponent.dll|BINARY|WINDOWS|SSIS2014|ANY|SSIS_2014\mdMatchUPComponent.dll
mdPersonator.dll|BINARY|WINDOWS|SSIS2014|ANY|SSIS_2014\mdPersonator.dll
mdProfilerComponent.dll|BINARY|WINDOWS|SSIS2014|ANY|SSIS_2014\mdProfilerComponent.dll
mdPropertyComponent.dll|BINARY|WINDOWS|SSIS2014|ANY|SSIS_2014\mdPropertyComponent.dll
mdSmartMover.dll|BINARY|WINDOWS|SSIS2014|ANY|SSIS_2014\mdSmartMover.dll
mdBusinessCoder.dll|BINARY|WINDOWS|SSIS2016|ANY|SSIS_2016\mdBusinessCoder.dll
mdCleanserComponent.dll|BINARY|WINDOWS|SSIS2016|ANY|SSIS_2016\mdCleanserComponent.dll
mdEVC.dll|BINARY|WINDOWS|SSIS2016|ANY|SSIS_2016\mdEVC.dll
mdFuzzyMatching.dll|BINARY|WINDOWS|SSIS2016|ANY|SSIS_2016\mdFuzzyMatching.dll
mdGlobalPersonator.dll|BINARY|WINDOWS|SSIS2016|ANY|SSIS_2016\mdGlobalPersonator.dll
mdGlobalVerify.dll|BINARY|WINDOWS|SSIS2016|ANY|SSIS_2016\mdGlobalVerify.dll
mdIPLocatorComponent.dll|BINARY|WINDOWS|SSIS2016|ANY|SSIS_2016\mdIPLocatorComponent.dll
mdMatchUPComponent.dll|BINARY|WINDOWS|SSIS2016|ANY|SSIS_2016\mdMatchUPComponent.dll
mdPersonator.dll|BINARY|WINDOWS|SSIS2016|ANY|SSIS_2016\mdPersonator.dll
mdProfilerComponent.dll|BINARY|WINDOWS|SSIS2016|ANY|SSIS_2016\mdProfilerComponent.dll
mdPropertyComponent.dll|BINARY|WINDOWS|SSIS2016|ANY|SSIS_2016\mdPropertyComponent.dll
mdSmartMover.dll|BINARY|WINDOWS|SSIS2016|ANY|SSIS_2016\mdSmartMover.dll
mdBusinessCoder.dll|BINARY|WINDOWS|SSIS2017|ANY|SSIS_2017\mdBusinessCoder.dll
mdCleanserComponent.dll|BINARY|WINDOWS|SSIS2017|ANY|SSIS_2017\mdCleanserComponent.dll
mdEVC.dll|BINARY|WINDOWS|SSIS2017|ANY|SSIS_2017\mdEVC.dll
mdFuzzyMatching.dll|BINARY|WINDOWS|SSIS2017|ANY|SSIS_2017\mdFuzzyMatching.dll
mdGlobalPersonator.dll|BINARY|WINDOWS|SSIS2017|ANY|SSIS_2017\mdGlobalPersonator.dll
mdGlobalVerify.dll|BINARY|WINDOWS|SSIS2017|ANY|SSIS_2017\mdGlobalVerify.dll
mdIPLocatorComponent.dll|BINARY|WINDOWS|SSIS2017|ANY|SSIS_2017\mdIPLocatorComponent.dll
mdMatchUPComponent.dll|BINARY|WINDOWS|SSIS2017|ANY|SSIS_2017\mdMatchUPComponent.dll
mdPersonator.dll|BINARY|WINDOWS|SSIS2017|ANY|SSIS_2017\mdPersonator.dll
mdProfilerComponent.dll|BINARY|WINDOWS|SSIS2017|ANY|SSIS_2017\mdProfilerComponent.dll
mdPropertyComponent.dll|BINARY|WINDOWS|SSIS2017|ANY|SSIS_2017\mdPropertyComponent.dll
mdSmartMover.dll|BINARY|WINDOWS|SSIS2017|ANY|SSIS_2017\mdSmartMover.dll
mdBusinessCoder.dll|BINARY|WINDOWS|SSIS2019|ANY|SSIS_2019\mdBusinessCoder.dll
mdCleanserComponent.dll|BINARY|WINDOWS|SSIS2019|ANY|SSIS_2019\mdCleanserComponent.dll
mdEVC.dll|BINARY|WINDOWS|SSIS2019|ANY|SSIS_2019\mdEVC.dll
mdFuzzyMatching.dll|BINARY|WINDOWS|SSIS2019|ANY|SSIS_2019\mdFuzzyMatching.dll
mdGlobalPersonator.dll|BINARY|WINDOWS|SSIS2019|ANY|SSIS_2019\mdGlobalPersonator.dll
mdGlobalVerify.dll|BINARY|WINDOWS|SSIS2019|ANY|SSIS_2019\mdGlobalVerify.dll
mdIPLocatorComponent.dll|BINARY|WINDOWS|SSIS2019|ANY|SSIS_2019\mdIPLocatorComponent.dll
mdMatchUPComponent.dll|BINARY|WINDOWS|SSIS2019|ANY|SSIS_2019\mdMatchUPComponent.dll
mdPersonator.dll|BINARY|WINDOWS|SSIS2019|ANY|SSIS_2019\mdPersonator.dll
mdProfilerComponent.dll|BINARY|WINDOWS|SSIS2019|ANY|SSIS_2019\mdProfilerComponent.dll
mdPropertyComponent.dll|BINARY|WINDOWS|SSIS2019|ANY|SSIS_2019\mdPropertyComponent.dll
mdSmartMover.dll|BINARY|WINDOWS|SSIS2019|ANY|SSIS_2019\mdSmartMover.dll
Addr.dbf|DATA|ANY|ANY|ANY|address\data\Addr.dbf
Congress.dbf|DATA|ANY|ANY|ANY|address\data\Congress.dbf
dph256.dte|DATA|ANY|ANY|ANY|address\data\DPV\dph256.dte
dph256.hsa|DATA|ANY|ANY|ANY|address\data\DPV\dph256.hsa
dph256.hsc|DATA|ANY|ANY|ANY|address\data\DPV\dph256.hsc
dph256.hsf|DATA|ANY|ANY|ANY|address\data\DPV\dph256.hsf
dph256.hsn|DATA|ANY|ANY|ANY|address\data\DPV\dph256.hsn
dph256.hsv|DATA|ANY|ANY|ANY|address\data\DPV\dph256.hsv
dph256.hsx|DATA|ANY|ANY|ANY|address\data\DPV\dph256.hsx
ews.txt|DATA|ANY|ANY|ANY|address\data\ews.txt
icudt52l.dat|DATA|ANY|ANY|ANY|address\data\icudt52l.dat
lcd256|DATA|ANY|ANY|ANY|address\data\DPV\lcd256
mdAddr.dat|DATA|ANY|ANY|ANY|address\data\mdAddr.dat
mdAddr.lic|DATA|ANY|ANY|ANY|address\data\mdAddr.lic
mdAddr.nat|DATA|ANY|ANY|ANY|address\data\mdAddr.nat
mdAddr.str|DATA|ANY|ANY|ANY|address\data\mdAddr.str
mdAddrKey.db|DATA|ANY|ANY|ANY|address\data\mdAddrKey\mdAddrKey.db
mdAddrKeyCA.db|DATA|ANY|ANY|ANY|address\data\mdAddrKey\mdAddrKeyCA.db
mdCanada3.db|DATA|ANY|ANY|ANY|address\data\mdCanada\mdCanada3.db
mdCanadaPOC.db|DATA|ANY|ANY|ANY|address\data\mdCanada\mdCanadaPOC.db
mdELOT.dat|DATA|ANY|ANY|ANY|Data\Address\mdELOT.dat
mdEmail.cfg|DATA|ANY|ANY|ANY|email\data\mdEmail.cfg
mdEmail.dat|DATA|ANY|ANY|ANY|email\data\mdEmail.dat
mdEmail.db3|DATA|ANY|ANY|ANY|email\data\mdEmail.db3
mdGeoCanada.db|DATA|ANY|ANY|ANY|data\mdGeoCanada.db
mdGeoCode.db3|DATA|ANY|ANY|ANY|data\mdGeoCode.db3
mdGeoCodeZ4.db3|DATA|ANY|ANY|ANY|data\mdGeoCodeZ4.db3
mdGlobalAddr.3db|DATA|ANY|ANY|ANY|address\data\mdGlobalAddr.3db
mdGlobalAddr.hto|DATA|ANY|ANY|ANY|address\data\mdGlobalAddr.hto
mdGlobalAddr.kof|DATA|ANY|ANY|ANY|address\data\mdGlobalAddr.kof
mdGlobalAddr.tths|DATA|ANY|ANY|ANY|address\data\mdGlobalAddr.tths
mdGlobalAddr.vof|DATA|ANY|ANY|ANY|address\data\mdGlobalAddr.vof
mdGlobalPhone.dat|DATA|ANY|ANY|ANY|phone\data\mdGlobalPhone.dat
mdLACS256.dat|DATA|ANY|ANY|ANY|address\data\mdLACS\mdLACS256.dat
mdMatchup.cfg|DATA|ANY|ANY|ANY|data\mdMatchup.cfg
mdMatchup.dat|DATA|ANY|ANY|ANY|data\mdMatchup.dat
mdMatchup.mc|DATA|ANY|ANY|ANY|data\mdMatchup.mc
mdName.cfg|DATA|ANY|ANY|ANY|name\data\mdName.cfg
mdName.dat|DATA|ANY|ANY|ANY|name\data\mdName.dat
mdPhone.dat|DATA|ANY|ANY|ANY|phone\data\mdPhone.dat
mdPhone.idx|DATA|ANY|ANY|ANY|phone\data\mdPhone.idx
mdRBDI.dat|DATA|ANY|ANY|ANY|address\data\RBDI\mdRBDI.dat
mdRightFielder.cfg|DATA|ANY|ANY|ANY|data\mdRightFielder.cfg
mdRightFielder.dat|DATA|ANY|ANY|ANY|data\mdRightFielder.dat
mdSteLink256.dat|DATA|ANY|ANY|ANY|address\data\mdSteLink\mdSteLink256.dat
mdSuiteFinder.db|DATA|ANY|ANY|ANY|address\data\mdSuiteFinder\mdSuiteFinder.db
month256.dat|DATA|ANY|ANY|ANY|address\data\DPV\month256.dat
ZIPNPA.TXT|DATA|ANY|ANY|ANY|phone\data\ZIPNPA.TXT